Component: ARM Compiler 5.06 update 6 (build 750) Tool: armlink [4d35ed]

==============================================================================

Section Cross References

    startup_stm32f103xb.o(STACK) refers (Special) to main.o(i.MyPendSVHandler) for MyPendSVHandler
    startup_stm32f103xb.o(HEAP) refers (Special) to main.o(i.MyPendSVHandler) for MyPendSVHandler
    startup_stm32f103xb.o(RESET) refers (Special) to main.o(i.MyPendSVHandler) for MyPendSVHandler
    startup_stm32f103xb.o(RESET) refers to startup_stm32f103xb.o(STACK) for __initial_sp
    startup_stm32f103xb.o(RESET) refers to startup_stm32f103xb.o(.text) for Reset_Handler
    startup_stm32f103xb.o(RESET) refers to stm32f1xx_it.o(i.NMI_Handler) for NMI_Handler
    startup_stm32f103xb.o(RESET) refers to stm32f1xx_it.o(i.HardFault_Handler) for HardFault_Handler
    startup_stm32f103xb.o(RESET) refers to stm32f1xx_it.o(i.MemManage_Handler) for MemManage_Handler
    startup_stm32f103xb.o(RESET) refers to stm32f1xx_it.o(i.BusFault_Handler) for BusFault_Handler
    startup_stm32f103xb.o(RESET) refers to stm32f1xx_it.o(i.UsageFault_Handler) for UsageFault_Handler
    startup_stm32f103xb.o(RESET) refers to port.o(.emb_text) for vPortSVCHandler
    startup_stm32f103xb.o(RESET) refers to stm32f1xx_it.o(i.DebugMon_Handler) for DebugMon_Handler
    startup_stm32f103xb.o(RESET) refers to port.o(i.xPortSysTickHandler) for xPortSysTickHandler
    startup_stm32f103xb.o(RESET) refers to stm32f1xx_it.o(i.EXTI0_IRQHandler) for EXTI0_IRQHandler
    startup_stm32f103xb.o(RESET) refers to stm32f1xx_it.o(i.EXTI1_IRQHandler) for EXTI1_IRQHandler
    startup_stm32f103xb.o(.text) refers (Special) to main.o(i.MyPendSVHandler) for MyPendSVHandler
    startup_stm32f103xb.o(.text) refers to system_stm32f1xx.o(i.SystemInit) for SystemInit
    startup_stm32f103xb.o(.text) refers to entry.o(.ARM.Collect$$$$00000000) for __main
    main.o(i.MX_ADC1_Init) refers to stm32f1xx_hal_adc.o(i.HAL_ADC_Init) for HAL_ADC_Init
    main.o(i.MX_ADC1_Init) refers to main.o(i.Error_Handler) for Error_Handler
    main.o(i.MX_ADC1_Init) refers to stm32f1xx_hal_adc.o(i.HAL_ADC_ConfigChannel) for HAL_ADC_ConfigChannel
    main.o(i.MX_ADC1_Init) refers to main.o(.bss) for hadc1
    main.o(i.MX_GPIO_Init) refers to stm32f1xx_hal_gpio.o(i.HAL_GPIO_WritePin) for HAL_GPIO_WritePin
    main.o(i.MX_GPIO_Init) refers to stm32f1xx_hal_gpio.o(i.HAL_GPIO_Init) for HAL_GPIO_Init
    main.o(i.MX_GPIO_Init) refers to stm32f1xx_hal_cortex.o(i.HAL_NVIC_SetPriority) for HAL_NVIC_SetPriority
    main.o(i.MX_GPIO_Init) refers to stm32f1xx_hal_cortex.o(i.HAL_NVIC_EnableIRQ) for HAL_NVIC_EnableIRQ
    main.o(i.MX_USART1_UART_Init) refers to stm32f1xx_hal_uart.o(i.HAL_UART_Init) for HAL_UART_Init
    main.o(i.MX_USART1_UART_Init) refers to main.o(i.Error_Handler) for Error_Handler
    main.o(i.MX_USART1_UART_Init) refers to main.o(.bss) for huart1
    main.o(i.SystemClock_Config) refers to memseta.o(.text) for __aeabi_memclr4
    main.o(i.SystemClock_Config) refers to stm32f1xx_hal_rcc.o(i.HAL_RCC_OscConfig) for HAL_RCC_OscConfig
    main.o(i.SystemClock_Config) refers to main.o(i.Error_Handler) for Error_Handler
    main.o(i.SystemClock_Config) refers to stm32f1xx_hal_rcc.o(i.HAL_RCC_ClockConfig) for HAL_RCC_ClockConfig
    main.o(i.SystemClock_Config) refers to stm32f1xx_hal_rcc_ex.o(i.HAL_RCCEx_PeriphCLKConfig) for HAL_RCCEx_PeriphCLKConfig
    main.o(i.main) refers to stm32f1xx_hal.o(i.HAL_Init) for HAL_Init
    main.o(i.main) refers to main.o(i.SystemClock_Config) for SystemClock_Config
    main.o(i.main) refers to main.o(i.MX_GPIO_Init) for MX_GPIO_Init
    main.o(i.main) refers to main.o(i.MX_USART1_UART_Init) for MX_USART1_UART_Init
    main.o(i.main) refers to main.o(i.MX_ADC1_Init) for MX_ADC1_Init
    main.o(i.main) refers to stm32f1xx_hal_adc.o(i.HAL_ADC_Start) for HAL_ADC_Start
    main.o(i.main) refers to led.o(i.led_off_all) for led_off_all
    main.o(i.main) refers to rtos_testing.o(i.start_freertos_testing) for start_freertos_testing
    main.o(i.main) refers to key.o(i.is_key_pressed) for is_key_pressed
    main.o(i.main) refers to uart.o(i.Uart_Printf) for Uart_Printf
    main.o(i.main) refers to led.o(i.led_on) for led_on
    main.o(i.main) refers to stm32f1xx_hal.o(i.HAL_GetTick) for HAL_GetTick
    main.o(i.main) refers to fnd.o(i.display_number) for display_number
    main.o(i.main) refers to stm32f1xx_hal.o(i.HAL_Delay) for HAL_Delay
    main.o(i.main) refers to cds.o(i.get_cds_value) for get_cds_value
    main.o(i.main) refers to main.o(.bss) for hadc1
    main.o(i.main) refers to main.o(.data) for n
    stm32f1xx_it.o(i.EXTI0_IRQHandler) refers to stm32f1xx_hal_gpio.o(i.HAL_GPIO_EXTI_IRQHandler) for HAL_GPIO_EXTI_IRQHandler
    stm32f1xx_it.o(i.EXTI1_IRQHandler) refers to stm32f1xx_hal_gpio.o(i.HAL_GPIO_EXTI_IRQHandler) for HAL_GPIO_EXTI_IRQHandler
    stm32f1xx_it.o(i.SysTick_Handler) refers to stm32f1xx_hal.o(i.HAL_IncTick) for HAL_IncTick
[...]
    Removing stm32f1xx_hal_cortex.o(i.HAL_NVIC_SetPendingIRQ), (108 bytes).
    Removing stm32f1xx_hal_cortex.o(i.HAL_NVIC_SystemReset), (68 bytes).
    Removing stm32f1xx_hal_cortex.o(i.HAL_SYSTICK_CLKSourceConfig), (124 bytes).
    Removing stm32f1xx_hal_cortex.o(i.HAL_SYSTICK_Callback), (2 bytes).
    Removing stm32f1xx_hal_cortex.o(i.HAL_SYSTICK_IRQHandler), (8 bytes).
    Removing stm32f1xx_hal_pwr.o(.rev16_text), (4 bytes).
    Removing stm32f1xx_hal_pwr.o(.revsh_text), (4 bytes).
    Removing stm32f1xx_hal_pwr.o(.rrx_text), (6 bytes).
    Removing stm32f1xx_hal_pwr.o(i.HAL_PWR_ConfigPVD), (372 bytes).
    Removing stm32f1xx_hal_pwr.o(i.HAL_PWR_DeInit), (28 bytes).
    Removing stm32f1xx_hal_pwr.o(i.HAL_PWR_DisableBkUpAccess), (12 bytes).
    Removing stm32f1xx_hal_pwr.o(i.HAL_PWR_DisablePVD), (12 bytes).
    Removing stm32f1xx_hal_pwr.o(i.HAL_PWR_DisableSEVOnPend), (20 bytes).
    Removing stm32f1xx_hal_pwr.o(i.HAL_PWR_DisableSleepOnExit), (20 bytes).
    Removing stm32f1xx_hal_pwr.o(i.HAL_PWR_DisableWakeUpPin), (104 bytes).
    Removing stm32f1xx_hal_pwr.o(i.HAL_PWR_EnableBkUpAccess), (12 bytes).
    Removing stm32f1xx_hal_pwr.o(i.HAL_PWR_EnablePVD), (12 bytes).
    Removing stm32f1xx_hal_pwr.o(i.HAL_PWR_EnableSEVOnPend), (20 bytes).
    Removing stm32f1xx_hal_pwr.o(i.HAL_PWR_EnableSleepOnExit), (20 bytes).
    Removing stm32f1xx_hal_pwr.o(i.HAL_PWR_EnableWakeUpPin), (104 bytes).
    Removing stm32f1xx_hal_pwr.o(i.HAL_PWR_EnterSLEEPMode), (116 bytes).
    Removing stm32f1xx_hal_pwr.o(i.HAL_PWR_EnterSTANDBYMode), (40 bytes).
    Removing stm32f1xx_hal_pwr.o(i.HAL_PWR_EnterSTOPMode), (176 bytes).
    Removing stm32f1xx_hal_pwr.o(i.HAL_PWR_PVDCallback), (2 bytes).
    Removing stm32f1xx_hal_pwr.o(i.HAL_PWR_PVD_IRQHandler), (32 bytes).
    Removing stm32f1xx_hal_pwr.o(i.PWR_OverloadWfe), (6 bytes).
    Removing stm32f1xx_hal_flash.o(.rev16_text), (4 bytes).
    Removing stm32f1xx_hal_flash.o(.revsh_text), (4 bytes).
    Removing stm32f1xx_hal_flash.o(.rrx_text), (6 bytes).
    Removing stm32f1xx_hal_flash.o(i.FLASH_Program_HalfWord), (32 bytes).
    Removing stm32f1xx_hal_flash.o(i.FLASH_SetErrorCode), (132 bytes).
    Removing stm32f1xx_hal_flash.o(i.FLASH_WaitForLastOperation), (112 bytes).
    Removing stm32f1xx_hal_flash.o(i.HAL_FLASH_EndOfOperationCallback), (2 bytes).
    Removing stm32f1xx_hal_flash.o(i.HAL_FLASH_GetError), (12 bytes).
    Removing stm32f1xx_hal_flash.o(i.HAL_FLASH_IRQHandler), (384 bytes).
    Removing stm32f1xx_hal_flash.o(i.HAL_FLASH_Lock), (20 bytes).
    Removing stm32f1xx_hal_flash.o(i.HAL_FLASH_OB_Launch), (8 bytes).
    Removing stm32f1xx_hal_flash.o(i.HAL_FLASH_OB_Lock), (20 bytes).
    Removing stm32f1xx_hal_flash.o(i.HAL_FLASH_OB_Unlock), (44 bytes).
    Removing stm32f1xx_hal_flash.o(i.HAL_FLASH_OperationErrorCallback), (2 bytes).
    Removing stm32f1xx_hal_flash.o(i.HAL_FLASH_Program), (384 bytes).
    Removing stm32f1xx_hal_flash.o(i.HAL_FLASH_Program_IT), (324 bytes).
    Removing stm32f1xx_hal_flash.o(i.HAL_FLASH_Unlock), (48 bytes).
    Removing stm32f1xx_hal_flash.o(.bss), (32 bytes).
    Removing stm32f1xx_hal_flash_ex.o(.rev16_text), (4 bytes).
    Removing stm32f1xx_hal_flash_ex.o(.revsh_text), (4 bytes).
    Removing stm32f1xx_hal_flash_ex.o(.rrx_text), (6 bytes).
    Removing stm32f1xx_hal_flash_ex.o(i.FLASH_MassErase), (124 bytes).
    Removing stm32f1xx_hal_flash_ex.o(i.FLASH_OB_DisableWRP), (308 bytes).
    Removing stm32f1xx_hal_flash_ex.o(i.FLASH_OB_EnableWRP), (312 bytes).
    Removing stm32f1xx_hal_flash_ex.o(i.FLASH_OB_GetRDP), (28 bytes).
    Removing stm32f1xx_hal_flash_ex.o(i.FLASH_OB_GetUser), (16 bytes).
    Removing stm32f1xx_hal_flash_ex.o(i.FLASH_OB_GetWRP), (12 bytes).
    Removing stm32f1xx_hal_flash_ex.o(i.FLASH_OB_ProgramData), (168 bytes).
    Removing stm32f1xx_hal_flash_ex.o(i.FLASH_OB_RDP_LevelConfig), (204 bytes).
    Removing stm32f1xx_hal_flash_ex.o(i.FLASH_OB_UserConfig), (224 bytes).
    Removing stm32f1xx_hal_flash_ex.o(i.FLASH_PageErase), (40 bytes).
    Removing stm32f1xx_hal_flash_ex.o(i.HAL_FLASHEx_Erase), (520 bytes).
    Removing stm32f1xx_hal_flash_ex.o(i.HAL_FLASHEx_Erase_IT), (448 bytes).
    Removing stm32f1xx_hal_flash_ex.o(i.HAL_FLASHEx_OBErase), (96 bytes).
    Removing stm32f1xx_hal_flash_ex.o(i.HAL_FLASHEx_OBGetConfig), (28 bytes).
    Removing stm32f1xx_hal_flash_ex.o(i.HAL_FLASHEx_OBGetUserData), (40 bytes).
    Removing stm32f1xx_hal_flash_ex.o(i.HAL_FLASHEx_OBProgram), (304 bytes).
    Removing system_stm32f1xx.o(.rev16_text), (4 bytes).
    Removing system_stm32f1xx.o(.revsh_text), (4 bytes).
    Removing system_stm32f1xx.o(.rrx_text), (6 bytes).
    Removing system_stm32f1xx.o(i.SystemCoreClockUpdate), (164 bytes).
    Removing queue.o(i.uxQueueMessagesWaiting), (18 bytes).
    Removing queue.o(i.uxQueueMessagesWaitingFromISR), (8 bytes).
    Removing queue.o(i.uxQueueSpacesAvailable), (24 bytes).
    Removing queue.o(i.vQueueDelete), (14 bytes).
    Removing queue.o(i.xQueueGiveFromISR), (120 bytes).
    Removing queue.o(i.xQueueIsQueueEmptyFromISR), (16 bytes).
    Removing queue.o(i.xQueueIsQueueFullFromISR), (22 bytes).
    Removing queue.o(i.xQueuePeek), (268 bytes).
    Removing queue.o(i.xQueuePeekFromISR), (74 bytes).
    Removing queue.o(i.xQueueReceiveFromISR), (130 bytes).
    Removing queue.o(i.xQueueSemaphoreTake), (240 bytes).
    Removing tasks.o(i.eTaskGetState), (140 bytes).
    Removing tasks.o(i.pcTaskGetName), (24 bytes).
    Removing tasks.o(i.prvTaskIsTaskSuspended), (64 bytes).
    Removing tasks.o(i.ulTaskGenericNotifyValueClear), (64 bytes).
    Removing tasks.o(i.uxTaskGetNumberOfTasks), (12 bytes).
    Removing tasks.o(i.uxTaskPriorityGet), (36 bytes).
    Removing tasks.o(i.uxTaskPriorityGetFromISR), (56 bytes).
    Removing tasks.o(i.uxTaskResetEventItemValue), (28 bytes).
    Removing tasks.o(i.vTaskDelete), (204 bytes).
    Removing tasks.o(i.vTaskEndScheduler), (36 bytes).
    Removing tasks.o(i.vTaskPlaceOnUnorderedEventList), (44 bytes).
    Removing tasks.o(i.vTaskPrioritySet), (232 bytes).
    Removing tasks.o(i.vTaskRemoveFromUnorderedEventList), (100 bytes).
    Removing tasks.o(i.vTaskResume), (120 bytes).
    Removing tasks.o(i.vTaskSetTimeOutState), (36 bytes).
    Removing tasks.o(i.vTaskSuspend), (216 bytes).
    Removing tasks.o(i.xTaskCatchUpTicks), (32 bytes).
    Removing tasks.o(i.xTaskDelayUntil), (116 bytes).
    Removing tasks.o(i.xTaskGenericNotifyFromISR), (300 bytes).
    Removing tasks.o(i.xTaskGenericNotifyStateClear), (64 bytes).
    Removing tasks.o(i.xTaskGenericNotifyWait), (172 bytes).
    Removing tasks.o(i.xTaskGetTickCountFromISR), (12 bytes).
    Removing tasks.o(i.xTaskResumeFromISR), (160 bytes).
    Removing timers.o(i.pcTimerGetName), (8 bytes).
    Removing timers.o(i.pvTimerGetTimerID), (20 bytes).
    Removing timers.o(i.uxTimerGetReloadMode), (34 bytes).
    Removing timers.o(i.vTimerSetReloadMode), (46 bytes).
    Removing timers.o(i.vTimerSetTimerID), (20 bytes).
    Removing timers.o(i.xTimerGetExpiryTime), (8 bytes).
    Removing timers.o(i.xTimerGetPeriod), (8 bytes).
    Removing timers.o(i.xTimerGetTimerDaemonTaskHandle), (12 bytes).
    Removing timers.o(i.xTimerIsTimerActive), (34 bytes).
    Removing heap_1.o(i.vPortInitialiseBlocks), (12 bytes).
    Removing heap_1.o(i.xPortGetFreeHeapSize), (16 bytes).
    Removing port.o(i.vPortEndScheduler), (2 bytes).

324 unused section(s) (total 29024 bytes) removed from the image.

==============================================================================

Image Symbol Table

    Local Symbols

    Symbol Name                              Value     Ov Type        Size  Object(Section)

    ../Drivers/STM32F1xx_HAL_Driver/Src/stm32f1xx_hal.c 0x00000000   Number         0  stm32f1xx_hal.o ABSOLUTE
    ../Drivers/STM32F1xx_HAL_Driver/Src/stm32f1xx_hal_adc.c 0x00000000   Number         0  stm32f1xx_hal_adc.o ABSOLUTE
    ../Drivers/STM32F1xx_HAL_Driver/Src/stm32f1xx_hal_adc_ex.c 0x00000000   Number         0  stm32f1xx_hal_adc_ex.o ABSOLUTE
    ../Drivers/STM32F1xx_HAL_Driver/Src/stm32f1xx_hal_cortex.c 0x00000000   Number         0  stm32f1xx_hal_cortex.o ABSOLUTE
    ../Drivers/STM32F1xx_HAL_Driver/Src/stm32f1xx_hal_dma.c 0x00000000   Number         0  stm32f1xx_hal_dma.o ABSOLUTE
    ../Drivers/STM32F1xx_HAL_Driver/Src/stm32f1xx_hal_flash.c 0x00000000   Number         0  stm32f1xx_hal_flash.o ABSOLUTE
    ../Drivers/STM32F1xx_HAL_Driver/Src/stm32f1xx_hal_flash_ex.c 0x00000000   Number         0  stm32f1xx_hal_flash_ex.o ABSOLUTE
    ../Drivers/STM32F1xx_HAL_Driver/Src/stm32f1xx_hal_gpio.c 0x00000000   Number         0  stm32f1xx_hal_gpio.o ABSOLUTE
    ../Drivers/STM32F1xx_HAL_Driver/Src/stm32f1xx_hal_gpio_ex.c 0x00000000   Number         0  stm32f1xx_hal_gpio_ex.o ABSOLUTE
    ../Drivers/STM32F1xx_HAL_Driver/Src/stm32f1xx_hal_pwr.c 0x00000000   Number         0  stm32f1xx_hal_pwr.o ABSOLUTE
    ../Drivers/STM32F1xx_HAL_Driver/Src/stm32f1xx_hal_rcc.c 0x00000000   Number         0  stm32f1xx_hal_rcc.o ABSOLUTE
    ../Drivers/STM32F1xx_HAL_Driver/Src/stm32f1xx_hal_rcc_ex.c 0x00000000   Number         0  stm32f1xx_hal_rcc_ex.o ABSOLUTE
    ../Drivers/STM32F1xx_HAL_Driver/Src/stm32f1xx_hal_tim.c 0x00000000   Number         0  stm32f1xx_hal_tim.o ABSOLUTE
    ../Drivers/STM32F1xx_HAL_Driver/Src/stm32f1xx_hal_tim_ex.c 0x00000000   Number         0  stm32f1xx_hal_tim_ex.o ABSOLUTE
    ../Drivers/STM32F1xx_HAL_Driver/Src/stm32f1xx_hal_uart.c 0x00000000   Number         0  stm32f1xx_hal_uart.o ABSOLUTE
    ../Src/main.c                            0x00000000   Number         0  main.o ABSOLUTE
    ../Src/stm32f1xx_hal_msp.c               0x00000000   Number         0  stm32f1xx_hal_msp.o ABSOLUTE
    ../Src/stm32f1xx_it.c                    0x00000000   Number         0  stm32f1xx_it.o ABSOLUTE
    ../Src/system_stm32f1xx.c                0x00000000   Number         0  system_stm32f1xx.o ABSOLUTE
    ../clib/microlib/division.c              0x00000000   Number         0  uldiv.o ABSOLUTE
    ../clib/microlib/division.c              0x00000000   Number         0  uidiv.o ABSOLUTE
    ../clib/microlib/init/entry.s            0x00000000   Number         0  entry.o ABSOLUTE
    ../clib/microlib/init/entry.s            0x00000000   Number         0  entry7b.o ABSOLUTE
    ../clib/microlib/init/entry.s            0x00000000   Number         0  entry10b.o ABSOLUTE
    ../clib/microlib/init/entry.s            0x00000000   Number         0  entry8b.o ABSOLUTE
    ../clib/microlib/init/entry.s            0x00000000   Number         0  entry10a.o ABSOLUTE
    ../clib/microlib/init/entry.s            0x00000000   Number         0  entry9b.o ABSOLUTE
    ../clib/microlib/init/entry.s            0x00000000   Number         0  entry8a.o ABSOLUTE
    ../clib/microlib/init/entry.s            0x00000000   Number         0  entry11b.o ABSOLUTE
    ../clib/microlib/init/entry.s            0x00000000   Number         0  entry11a.o ABSOLUTE
    ../clib/microlib/init/entry.s            0x00000000   Number         0  entry2.o ABSOLUTE
    ../clib/microlib/init/entry.s            0x00000000   Number         0  entry9a.o ABSOLUTE
    ../clib/microlib/init/entry.s            0x00000000   Number         0  entry5.o ABSOLUTE
    ../clib/microlib/init/entry.s            0x00000000   Number         0  entry7a.o ABSOLUTE
    ../clib/microlib/longlong.c              0x00000000   Number         0  llsshr.o ABSOLUTE
    ../clib/microlib/longlong.c              0x00000000   Number         0  llshl.o ABSOLUTE
    ../clib/microlib/longlong.c              0x00000000   Number         0  llushr.o ABSOLUTE
    ../clib/microlib/printf/printf.c         0x00000000   Number         0  printfa.o ABSOLUTE
    ../clib/microlib/stdio/fputc.c           0x00000000   Number         0  fputc.o ABSOLUTE
    ../clib/microlib/stdio/semi.s            0x00000000   Number         0  semi.o ABSOLUTE
    ../clib/microlib/stdio/streams.c         0x00000000   Number         0  stdout.o ABSOLUTE
    ../clib/microlib/string/memcpy.c         0x00000000   Number         0  memcpyb.o ABSOLUTE
    ../clib/microlib/string/memcpy.c         0x00000000   Number         0  memcpya.o ABSOLUTE
    ../clib/microlib/string/memset.c         0x00000000   Number         0  memseta.o ABSOLUTE
    ../clib/microlib/string/strlen.c         0x00000000   Number         0  strlen.o ABSOLUTE
    ../clib/microlib/stubs.s                 0x00000000   Number         0  iusesemip.o ABSOLUTE
    ../clib/microlib/stubs.s                 0x00000000   Number         0  iusefp.o ABSOLUTE
    ../fplib/microlib/fpadd.c                0x00000000   Number         0  dadd.o ABSOLUTE
    ../fplib/microlib/fpdiv.c                0x00000000   Number         0  ddiv.o ABSOLUTE
    ../fplib/microlib/fpepilogue.c           0x00000000   Number         0  depilogue.o ABSOLUTE
    ../fplib/microlib/fpfix.c                0x00000000   Number         0  dfixul.o ABSOLUTE
    ../fplib/microlib/fpmul.c                0x00000000   Number         0  dmul.o ABSOLUTE
    ..\Drivers\STM32F1xx_HAL_Driver\Src\stm32f1xx_hal.c 0x00000000   Number         0  stm32f1xx_hal.o ABSOLUTE
    ..\Drivers\STM32F1xx_HAL_Driver\Src\stm32f1xx_hal_adc.c 0x00000000   Number         0  stm32f1xx_hal_adc.o ABSOLUTE
    ..\Drivers\STM32F1xx_HAL_Driver\Src\stm32f1xx_hal_adc_ex.c 0x00000000   Number         0  stm32f1xx_hal_adc_ex.o ABSOLUTE
    ..\Drivers\STM32F1xx_HAL_Driver\Src\stm32f1xx_hal_cortex.c 0x00000000   Number         0  stm32f1xx_hal_cortex.o ABSOLUTE
    ..\Drivers\STM32F1xx_HAL_Driver\Src\stm32f1xx_hal_dma.c 0x00000000   Number         0  stm32f1xx_hal_dma.o ABSOLUTE
    ..\Drivers\STM32F1xx_HAL_Driver\Src\stm32f1xx_hal_flash.c 0x00000000   Number         0  stm32f1xx_hal_flash.o ABSOLUTE
    ..\Drivers\STM32F1xx_HAL_Driver\Src\stm32f1xx_hal_flash_ex.c 0x00000000   Number         0  stm32f1xx_hal_flash_ex.o ABSOLUTE
    ..\Drivers\STM32F1xx_HAL_Driver\Src\stm32f1xx_hal_gpio.c 0x00000000   Number         0  stm32f1xx_hal_gpio.o ABSOLUTE
    ..\Drivers\STM32F1xx_HAL_Driver\Src\stm32f1xx_hal_gpio_ex.c 0x00000000   Number         0  stm32f1xx_hal_gpio_ex.o ABSOLUTE
    ..\Drivers\STM32F1xx_HAL_Driver\Src\stm32f1xx_hal_pwr.c 0x00000000   Number         0  stm32f1xx_hal_pwr.o ABSOLUTE
    ..\Drivers\STM32F1xx_HAL_Driver\Src\stm32f1xx_hal_rcc.c 0x00000000   Number         0  stm32f1xx_hal_rcc.o ABSOLUTE
    ..\Drivers\STM32F1xx_HAL_Driver\Src\stm32f1xx_hal_rcc_ex.c 0x00000000   Number         0  stm32f1xx_hal_rcc_ex.o ABSOLUTE
    ..\Drivers\STM32F1xx_HAL_Driver\Src\stm32f1xx_hal_tim.c 0x00000000   Number         0  stm32f1xx_hal_tim.o ABSOLUTE
    ..\Drivers\STM32F1xx_HAL_Driver\Src\stm32f1xx_hal_tim_ex.c 0x00000000   Number         0  stm32f1xx_hal_tim_ex.o ABSOLUTE
    ..\Drivers\STM32F1xx_HAL_Driver\Src\stm32f1xx_hal_uart.c 0x00000000   Number         0  stm32f1xx_hal_uart.o ABSOLUTE
    ..\FreeRTOS\Source\list.c                0x00000000   Number         0  list.o ABSOLUTE
    ..\FreeRTOS\Source\portable\MemMang\heap_1.c 0x00000000   Number         0  heap_1.o ABSOLUTE
    ..\FreeRTOS\Source\portable\RVDS\ARM_CM3\port.c 0x00000000   Number         0  port.o ABSOLUTE
    ..\FreeRTOS\Source\queue.c               0x00000000   Number         0  queue.o ABSOLUTE
    ..\FreeRTOS\Source\tasks.c               0x00000000   Number         0  tasks.o ABSOLUTE
    ..\FreeRTOS\Source\timers.c              0x00000000   Number         0  timers.o ABSOLUTE
    ..\Src\cds.c                             0x00000000   Number         0  cds.o ABSOLUTE
    ..\Src\fnd.c                             0x00000000   Number         0  fnd.o ABSOLUTE
    ..\Src\key.c                             0x00000000   Number         0  key.o ABSOLUTE
    ..\Src\led.c                             0x00000000   Number         0  led.o ABSOLUTE
    ..\Src\main.c                            0x00000000   Number         0  main.o ABSOLUTE
    ..\Src\rtos_testing.c                    0x00000000   Number         0  rtos_testing.o ABSOLUTE
    ..\Src\stm32f1xx_hal_msp.c               0x00000000   Number         0  stm32f1xx_hal_msp.o ABSOLUTE
    ..\Src\stm32f1xx_it.c                    0x00000000   Number         0  stm32f1xx_it.o ABSOLUTE
    ..\Src\system_stm32f1xx.c                0x00000000   Number         0  system_stm32f1xx.o ABSOLUTE
    ..\Src\uart.c                            0x00000000   Number         0  uart.o ABSOLUTE
    ..\\FreeRTOS\\Source\\portable\\RVDS\\ARM_CM3\\port.c 0x00000000   Number         0  port.o ABSOLUTE
    ..\\Src\\cds.c                           0x00000000   Number         0  cds.o ABSOLUTE
    ..\\Src\\fnd.c                           0x00000000   Number         0  fnd.o ABSOLUTE
    ..\\Src\\key.c                           0x00000000   Number         0  key.o ABSOLUTE
    ..\\Src\\led.c                           0x00000000   Number         0  led.o ABSOLUTE
    ..\\Src\\rtos_testing.c                  0x00000000   Number         0  rtos_testing.o ABSOLUTE
    ..\\Src\\uart.c                          0x00000000   Number         0  uart.o ABSOLUTE
    cdrcmple.s                               0x00000000   Number         0  cdrcmple.o ABSOLUTE
    dc.s                                     0x00000000   Number         0  dc.o ABSOLUTE
    handlers.s                               0x00000000   Number         0  handlers.o ABSOLUTE
    init.s                                   0x00000000   Number         0  init.o ABSOLUTE
    startup_stm32f103xb.s                    0x00000000   Number         0  startup_stm32f103xb.o ABSOLUTE
    RESET                                    0x08000000   Section      236  startup_stm32f103xb.o(RESET)
    .ARM.Collect$$$$00000000                 0x080000ec   Section        0  entry.o(.ARM.Collect$$$$00000000)
    .ARM.Collect$$$$00000001                 0x080000ec   Section        4  entry2.o(.ARM.Collect$$$$00000001)
    .ARM.Collect$$$$00000004                 0x080000f0   Section        4  entry5.o(.ARM.Collect$$$$00000004)
    .ARM.Collect$$$$00000008                 0x080000f4   Section        0  entry7b.o(.ARM.Collect$$$$00000008)
    .ARM.Collect$$$$0000000A                 0x080000f4   Section        0  entry8b.o(.ARM.Collect$$$$0000000A)
    .ARM.Collect$$$$0000000B                 0x080000f4   Section        8  entry9a.o(.ARM.Collect$$$$0000000B)
    .ARM.Collect$$$$0000000D                 0x080000fc   Section        0  entry10a.o(.ARM.Collect$$$$0000000D)
    .ARM.Collect$$$$0000000F                 0x080000fc   Section        0  entry11a.o(.ARM.Collect$$$$0000000F)
    .ARM.Collect$$$$00002712                 0x080000fc   Section        4  entry2.o(.ARM.Collect$$$$00002712)
    __lit__00000000                          0x080000fc   Data           4  entry2.o(.ARM.Collect$$$$00002712)
    .emb_text                                0x08000100   Section      150  port.o(.emb_text)
    .text                                    0x08000198   Section       36  startup_stm32f103xb.o(.text)
    .text                                    0x080001bc   Section        0  llushr.o(.text)
    .text                                    0x080001dc   Section        0  memcpya.o(.text)
    .text                                    0x08000200   Section        0  memseta.o(.text)
    .text                                    0x08000224   Section        0  strlen.o(.text)
    .text                                    0x08000232   Section        0  uidiv.o(.text)
    .text                                    0x0800025e   Section        0  uldiv.o(.text)
    .text                                    0x080002c0   Section        0  dadd.o(.text)
    .text                                    0x080002c0   Section        0  iusefp.o(.text)
    .text                                    0x0800040e   Section        0  dmul.o(.text)
    .text                                    0x080004f2   Section        0  ddiv.o(.text)
    .text                                    0x080005d0   Section        0  dfixul.o(.text)
    .text                                    0x08000600   Section       48  cdrcmple.o(.text)
    .text                                    0x08000630   Section       36  init.o(.text)
    .text                                    0x08000654   Section        0  llshl.o(.text)
    .text                                    0x08000672   Section        0  llsshr.o(.text)
    .text                                    0x08000696   Section        0  depilogue.o(.text)
    i.ADC_ConversionStop_Disable             0x08000750   Section        0  stm32f1xx_hal_adc.o(i.ADC_ConversionStop_Disable)
    i.ADC_Enable                             0x080007a4   Section        0  stm32f1xx_hal_adc.o(i.ADC_Enable)
    i.BusFault_Handler                       0x08000828   Section        0  stm32f1xx_it.o(i.BusFault_Handler)
    i.DebugMon_Handler                       0x0800082c   Section        0  stm32f1xx_it.o(i.DebugMon_Handler)
    i.EXTI0_IRQHandler                       0x0800082e   Section        0  stm32f1xx_it.o(i.EXTI0_IRQHandler)
    i.EXTI1_IRQHandler                       0x08000838   Section        0  stm32f1xx_it.o(i.EXTI1_IRQHandler)
    i.Error_Handler                          0x08000842   Section        0  main.o(i.Error_Handler)
    i.HAL_ADC_ConfigChannel                  0x08000844   Section        0  stm32f1xx_hal_adc.o(i.HAL_ADC_ConfigChannel)
    i.HAL_ADC_GetValue                       0x08000b18   Section        0  stm32f1xx_hal_adc.o(i.HAL_ADC_GetValue)
    i.HAL_ADC_Init                           0x08000b80   Section        0  stm32f1xx_hal_adc.o(i.HAL_ADC_Init)
    i.HAL_ADC_MspInit                        0x08000de8   Section        0  stm32f1xx_hal_msp.o(i.HAL_ADC_MspInit)
    i.HAL_ADC_Start                          0x08000e58   Section        0  stm32f1xx_hal_adc.o(i.HAL_ADC_Start)
    i.HAL_Delay                              0x08000fe0   Section        0  stm32f1xx_hal.o(i.HAL_Delay)
    i.HAL_GPIO_EXTI_Callback                 0x08001008   Section        0  rtos_testing.o(i.HAL_GPIO_EXTI_Callback)
    i.HAL_GPIO_EXTI_IRQHandler               0x08001038   Section        0  stm32f1xx_hal_gpio.o(i.HAL_GPIO_EXTI_IRQHandler)
    i.HAL_GPIO_Init                          0x08001054   Section        0  stm32f1xx_hal_gpio.o(i.HAL_GPIO_Init)
    i.HAL_GPIO_ReadPin                       0x0800144c   Section        0  stm32f1xx_hal_gpio.o(i.HAL_GPIO_ReadPin)
    i.HAL_GPIO_TogglePin                     0x080014b4   Section        0  stm32f1xx_hal_gpio.o(i.HAL_GPIO_TogglePin)
    i.HAL_GPIO_WritePin                      0x08001514   Section        0  stm32f1xx_hal_gpio.o(i.HAL_GPIO_WritePin)
    i.HAL_GetTick                            0x0800158c   Section        0  stm32f1xx_hal.o(i.HAL_GetTick)
    i.HAL_Init                               0x08001598   Section        0  stm32f1xx_hal.o(i.HAL_Init)
    i.HAL_InitTick                           0x080015c0   Section        0  stm32f1xx_hal.o(i.HAL_InitTick)
    i.HAL_MspInit                            0x0800160c   Section        0  stm32f1xx_hal_msp.o(i.HAL_MspInit)
    i.HAL_NVIC_EnableIRQ                     0x08001660   Section        0  stm32f1xx_hal_cortex.o(i.HAL_NVIC_EnableIRQ)
    i.HAL_NVIC_SetPriority                   0x080016c8   Section        0  stm32f1xx_hal_cortex.o(i.HAL_NVIC_SetPriority)
    i.HAL_NVIC_SetPriorityGrouping           0x0800179c   Section        0  stm32f1xx_hal_cortex.o(i.HAL_NVIC_SetPriorityGrouping)
    i.HAL_RCCEx_PeriphCLKConfig              0x08001824   Section        0  stm32f1xx_hal_rcc_ex.o(i.HAL_RCCEx_PeriphCLKConfig)
    i.HAL_RCC_ClockConfig                    0x08001a1c   Section        0  stm32f1xx_hal_rcc.o(i.HAL_RCC_ClockConfig)
    i.HAL_RCC_GetHCLKFreq                    0x08001d34   Section        0  stm32f1xx_hal_rcc.o(i.HAL_RCC_GetHCLKFreq)
    i.HAL_RCC_GetPCLK1Freq                   0x08001d40   Section        0  stm32f1xx_hal_rcc.o(i.HAL_RCC_GetPCLK1Freq)
    i.HAL_RCC_GetPCLK2Freq                   0x08001d60   Section        0  stm32f1xx_hal_rcc.o(i.HAL_RCC_GetPCLK2Freq)
    i.HAL_RCC_GetSysClockFreq                0x08001d80   Section        0  stm32f1xx_hal_rcc.o(i.HAL_RCC_GetSysClockFreq)
    i.HAL_RCC_OscConfig                      0x08001e14   Section        0  stm32f1xx_hal_rcc.o(i.HAL_RCC_OscConfig)
    i.HAL_SYSTICK_Config                     0x08002424   Section        0  stm32f1xx_hal_cortex.o(i.HAL_SYSTICK_Config)
    i.HAL_UART_Init                          0x08002458   Section        0  stm32f1xx_hal_uart.o(i.HAL_UART_Init)
    i.HAL_UART_MspInit                       0x0800259c   Section        0  stm32f1xx_hal_msp.o(i.HAL_UART_MspInit)
    i.HardFault_Handler                      0x08002624   Section        0  stm32f1xx_it.o(i.HardFault_Handler)
    i.MX_ADC1_Init                           0x08002628   Section        0  main.o(i.MX_ADC1_Init)
    MX_ADC1_Init                             0x08002629   Thumb Code    84  main.o(i.MX_ADC1_Init)
    i.MX_GPIO_Init                           0x08002684   Section        0  main.o(i.MX_GPIO_Init)
    MX_GPIO_Init                             0x08002685   Thumb Code   290  main.o(i.MX_GPIO_Init)
    i.MX_USART1_UART_Init                    0x080027bc   Section        0  main.o(i.MX_USART1_UART_Init)
    MX_USART1_UART_Init                      0x080027bd   Thumb Code    46  main.o(i.MX_USART1_UART_Init)
    i.MemManage_Handler                      0x080027f4   Section        0  stm32f1xx_it.o(i.MemManage_Handler)
    i.MyPendSVHandler                        0x080027f8   Section        0  main.o(i.MyPendSVHandler)
    i.NMI_Handler                            0x080027fc   Section        0  stm32f1xx_it.o(i.NMI_Handler)
    i.NVIC_GetPriorityGrouping               0x08002800   Section        0  stm32f1xx_hal_cortex.o(i.NVIC_GetPriorityGrouping)
    NVIC_GetPriorityGrouping                 0x08002801   Thumb Code    10  stm32f1xx_hal_cortex.o(i.NVIC_GetPriorityGrouping)
    i.NVIC_SetPriority                       0x08002810   Section        0  stm32f1xx_hal_cortex.o(i.NVIC_SetPriority)
    NVIC_SetPriority                         0x08002811   Thumb Code    32  stm32f1xx_hal_cortex.o(i.NVIC_SetPriority)
    i.RCC_Delay                              0x08002838   Section        0  stm32f1xx_hal_rcc.o(i.RCC_Delay)
    RCC_Delay                                0x08002839   Thumb Code    36  stm32f1xx_hal_rcc.o(i.RCC_Delay)
    i.SystemClock_Config                     0x08002860   Section        0  main.o(i.SystemClock_Config)
    i.SystemInit                             0x080028e4   Section        0  system_stm32f1xx.o(i.SystemInit)
    i.TASK_A                                 0x0800293c   Section        0  rtos_testing.o(i.TASK_A)
    i.TASK_B                                 0x0800299c   Section        0  rtos_testing.o(i.TASK_B)
    i.TASK_C                                 0x080029cc   Section        0  rtos_testing.o(i.TASK_C)
    i.TASK_D                                 0x08002a64   Section        0  rtos_testing.o(i.TASK_D)
    i.TASK_E                                 0x08002a86   Section        0  rtos_testing.o(i.TASK_E)
    i.UART_SetConfig                         0x08002a98   Section        0  stm32f1xx_hal_uart.o(i.UART_SetConfig)
    UART_SetConfig                           0x08002a99   Thumb Code   552  stm32f1xx_hal_uart.o(i.UART_SetConfig)
    i.Uart_Printf                            0x08002d04   Section        0  uart.o(i.Uart_Printf)
    i.Uart_SendByte                          0x08002d3c   Section        0  uart.o(i.Uart_SendByte)
    i.UsageFault_Handler                     0x08002d58   Section        0  stm32f1xx_it.o(i.UsageFault_Handler)
    i.__0vsprintf                            0x08002d5c   Section        0  printfa.o(i.__0vsprintf)
    i.__scatterload_copy                     0x08002d80   Section       14  handlers.o(i.__scatterload_copy)
    i.__scatterload_null                     0x08002d8e   Section        2  handlers.o(i.__scatterload_null)
    i.__scatterload_zeroinit                 0x08002d90   Section       14  handlers.o(i.__scatterload_zeroinit)
    i._fp_digits                             0x08002da0   Section        0  printfa.o(i._fp_digits)
    _fp_digits                               0x08002da1   Thumb Code   366  printfa.o(i._fp_digits)
    i._printf_core                           0x08002f24   Section        0  printfa.o(i._printf_core)
    _printf_core                             0x08002f25   Thumb Code  1744  printfa.o(i._printf_core)
    i._printf_post_padding                   0x08003600   Section        0  printfa.o(i._printf_post_padding)
    _printf_post_padding                     0x08003601   Thumb Code    36  printfa.o(i._printf_post_padding)
    i._printf_pre_padding                    0x08003624   Section        0  printfa.o(i._printf_pre_padding)
    _printf_pre_padding                      0x08003625   Thumb Code    46  printfa.o(i._printf_pre_padding)
    i._sputc                                 0x08003652   Section        0  printfa.o(i._sputc)
    _sputc                                   0x08003653   Thumb Code    10  printfa.o(i._sputc)
    i.assert_failed                          0x0800365c   Section        0  main.o(i.assert_failed)
    i.display_number                         0x08003660   Section        0  fnd.o(i.display_number)
    i.get_cds_value                          0x080036bc   Section        0  cds.o(i.get_cds_value)
    i.is_key_pressed                         0x080036cc   Section        0  key.o(i.is_key_pressed)
    i.led_off                                0x0800370c   Section        0  led.o(i.led_off)
    i.led_off_all                            0x08003798   Section        0  led.o(i.led_off_all)
    i.led_on                                 0x080037bc   Section        0  led.o(i.led_on)
    i.led_toggle                             0x08003850   Section        0  led.o(i.led_toggle)
    i.main                                   0x080038d4   Section        0  main.o(i.main)
    i.prvAddCurrentTaskToDelayedList         0x08003a48   Section        0  tasks.o(i.prvAddCurrentTaskToDelayedList)
    prvAddCurrentTaskToDelayedList           0x08003a49   Thumb Code   124  tasks.o(i.prvAddCurrentTaskToDelayedList)
    i.prvAddNewTaskToReadyList               0x08003ae0   Section        0  tasks.o(i.prvAddNewTaskToReadyList)
    prvAddNewTaskToReadyList                 0x08003ae1   Thumb Code   150  tasks.o(i.prvAddNewTaskToReadyList)
    i.prvCheckForValidListAndQueue           0x08003b94   Section        0  timers.o(i.prvCheckForValidListAndQueue)
    prvCheckForValidListAndQueue             0x08003b95   Thumb Code    56  timers.o(i.prvCheckForValidListAndQueue)
    i.prvCheckTasksWaitingTermination        0x08003be0   Section        0  tasks.o(i.prvCheckTasksWaitingTermination)
    prvCheckTasksWaitingTermination          0x08003be1   Thumb Code    60  tasks.o(i.prvCheckTasksWaitingTermination)
    i.prvCopyDataFromQueue                   0x08003c28   Section        0  queue.o(i.prvCopyDataFromQueue)
    prvCopyDataFromQueue                     0x08003c29   Thumb Code    42  queue.o(i.prvCopyDataFromQueue)
    i.prvCopyDataToQueue                     0x08003c52   Section        0  queue.o(i.prvCopyDataToQueue)
    prvCopyDataToQueue                       0x08003c53   Thumb Code   106  queue.o(i.prvCopyDataToQueue)
    i.prvDeleteTCB                           0x08003cbc   Section        0  tasks.o(i.prvDeleteTCB)
    prvDeleteTCB                             0x08003cbd   Thumb Code    18  tasks.o(i.prvDeleteTCB)
    i.prvGetNextExpireTime                   0x08003cd0   Section        0  timers.o(i.prvGetNextExpireTime)
    prvGetNextExpireTime                     0x08003cd1   Thumb Code    36  timers.o(i.prvGetNextExpireTime)
    i.prvIdleTask                            0x08003cf8   Section        0  tasks.o(i.prvIdleTask)
    prvIdleTask                              0x08003cf9   Thumb Code    36  tasks.o(i.prvIdleTask)
    i.prvInitialiseNewQueue                  0x08003d24   Section        0  queue.o(i.prvInitialiseNewQueue)
    prvInitialiseNewQueue                    0x08003d25   Thumb Code    38  queue.o(i.prvInitialiseNewQueue)
    i.prvInitialiseNewTask                   0x08003d4a   Section        0  tasks.o(i.prvInitialiseNewTask)
    prvInitialiseNewTask                     0x08003d4b   Thumb Code   138  tasks.o(i.prvInitialiseNewTask)
    i.prvInitialiseNewTimer                  0x08003dd4   Section        0  timers.o(i.prvInitialiseNewTimer)
    prvInitialiseNewTimer                    0x08003dd5   Thumb Code    58  timers.o(i.prvInitialiseNewTimer)
    i.prvInitialiseTaskLists                 0x08003e10   Section        0  tasks.o(i.prvInitialiseTaskLists)
    prvInitialiseTaskLists                   0x08003e11   Thumb Code    70  tasks.o(i.prvInitialiseTaskLists)
    i.prvInsertTimerInActiveList             0x08003e78   Section        0  timers.o(i.prvInsertTimerInActiveList)
    prvInsertTimerInActiveList               0x08003e79   Thumb Code    80  timers.o(i.prvInsertTimerInActiveList)
    i.prvIsQueueEmpty                        0x08003ed0   Section        0  queue.o(i.prvIsQueueEmpty)
    prvIsQueueEmpty                          0x08003ed1   Thumb Code    26  queue.o(i.prvIsQueueEmpty)
    i.prvIsQueueFull                         0x08003eea   Section        0  queue.o(i.prvIsQueueFull)
    prvIsQueueFull                           0x08003eeb   Thumb Code    30  queue.o(i.prvIsQueueFull)
    i.prvProcessExpiredTimer                 0x08003f08   Section        0  timers.o(i.prvProcessExpiredTimer)
    prvProcessExpiredTimer                   0x08003f09   Thumb Code    86  timers.o(i.prvProcessExpiredTimer)
    i.prvProcessReceivedCommands             0x08003f64   Section        0  timers.o(i.prvProcessReceivedCommands)
    prvProcessReceivedCommands               0x08003f65   Thumb Code   246  timers.o(i.prvProcessReceivedCommands)
    i.prvProcessTimerOrBlockTask             0x08004060   Section        0  timers.o(i.prvProcessTimerOrBlockTask)
    prvProcessTimerOrBlockTask               0x08004061   Thumb Code   102  timers.o(i.prvProcessTimerOrBlockTask)
    i.prvResetNextTaskUnblockTime            0x080040d4   Section        0  tasks.o(i.prvResetNextTaskUnblockTime)
    prvResetNextTaskUnblockTime              0x080040d5   Thumb Code    40  tasks.o(i.prvResetNextTaskUnblockTime)
    i.prvSampleTimeNow                       0x08004104   Section        0  timers.o(i.prvSampleTimeNow)
    prvSampleTimeNow                         0x08004105   Thumb Code    40  timers.o(i.prvSampleTimeNow)
    i.prvSwitchTimerLists                    0x08004130   Section        0  timers.o(i.prvSwitchTimerLists)
    prvSwitchTimerLists                      0x08004131   Thumb Code   126  timers.o(i.prvSwitchTimerLists)
    i.prvTaskExitError                       0x080041b8   Section        0  port.o(i.prvTaskExitError)
    prvTaskExitError                         0x080041b9   Thumb Code    22  port.o(i.prvTaskExitError)
    i.prvTimerTask                           0x080041ce   Section        0  timers.o(i.prvTimerTask)
    prvTimerTask                             0x080041cf   Thumb Code    26  timers.o(i.prvTimerTask)
    i.prvUnlockQueue                         0x080041e8   Section        0  queue.o(i.prvUnlockQueue)
    prvUnlockQueue                           0x080041e9   Thumb Code   126  queue.o(i.prvUnlockQueue)
    i.pvPortMalloc                           0x08004268   Section        0  heap_1.o(i.pvPortMalloc)
    i.pxPortInitialiseStack                  0x080042d8   Section        0  port.o(i.pxPortInitialiseStack)
    i.queue_init                             0x080042fc   Section        0  rtos_testing.o(i.queue_init)
    i.start_freertos_testing                 0x08004324   Section        0  rtos_testing.o(i.start_freertos_testing)
    i.ulTaskGenericNotifyTake                0x080043f8   Section        0  tasks.o(i.ulTaskGenericNotifyTake)
    i.uxListRemove                           0x08004480   Section        0  list.o(i.uxListRemove)
    i.vApplicationIdleHook                   0x080044a8   Section        0  rtos_testing.o(i.vApplicationIdleHook)
    i.vListInitialise                        0x080044ac   Section        0  list.o(i.vListInitialise)
    i.vListInitialiseItem                    0x080044c6   Section        0  list.o(i.vListInitialiseItem)
    i.vListInsert                            0x080044cc   Section        0  list.o(i.vListInsert)
    i.vListInsertEnd                         0x08004500   Section        0  list.o(i.vListInsertEnd)
    i.vPortEnterCritical                     0x08004518   Section        0  port.o(i.vPortEnterCritical)
    i.vPortExitCritical                      0x0800453c   Section        0  port.o(i.vPortExitCritical)
    i.vPortFree                              0x0800455c   Section        0  heap_1.o(i.vPortFree)
    i.vPortSetupTimerInterrupt               0x08004560   Section        0  port.o(i.vPortSetupTimerInterrupt)
    i.vQueueWaitForMessageRestricted         0x08004578   Section        0  queue.o(i.vQueueWaitForMessageRestricted)
    i.vTaskDelay                             0x080045c4   Section        0  tasks.o(i.vTaskDelay)
    i.vTaskGenericNotifyGiveFromISR          0x080045f8   Section        0  tasks.o(i.vTaskGenericNotifyGiveFromISR)
    i.vTaskInternalSetTimeOutState           0x080046b8   Section        0  tasks.o(i.vTaskInternalSetTimeOutState)
    i.vTaskMissedYield                       0x080046d0   Section        0  tasks.o(i.vTaskMissedYield)
    i.vTaskPlaceOnEventList                  0x080046dc   Section        0  tasks.o(i.vTaskPlaceOnEventList)
    i.vTaskPlaceOnEventListRestricted        0x080046fc   Section        0  tasks.o(i.vTaskPlaceOnEventListRestricted)
    i.vTaskStartScheduler                    0x08004724   Section        0  tasks.o(i.vTaskStartScheduler)
    i.vTaskSuspendAll                        0x0800479c   Section        0  tasks.o(i.vTaskSuspendAll)
    i.vTaskSwitchContext                     0x080047ac   Section        0  tasks.o(i.vTaskSwitchContext)
    i.xPortStartScheduler                    0x0800480c   Section        0  port.o(i.xPortStartScheduler)
    i.xPortSysTickHandler                    0x08004840   Section        0  port.o(i.xPortSysTickHandler)
    i.xQueueGenericCreate                    0x08004874   Section        0  queue.o(i.xQueueGenericCreate)
    i.xQueueGenericReset                     0x080048a8   Section        0  queue.o(i.xQueueGenericReset)
    i.xQueueGenericSend                      0x08004928   Section        0  queue.o(i.xQueueGenericSend)
    i.xQueueGenericSendFromISR               0x08004a40   Section        0  queue.o(i.xQueueGenericSendFromISR)
    i.xQueueReceive                          0x08004acc   Section        0  queue.o(i.xQueueReceive)
    i.xTaskCheckForTimeOut                   0x08004bd0   Section        0  tasks.o(i.xTaskCheckForTimeOut)
    i.xTaskCreate                            0x08004c30   Section        0  tasks.o(i.xTaskCreate)
    i.xTaskGenericNotify                     0x08004c90   Section        0  tasks.o(i.xTaskGenericNotify)
    i.xTaskGetSchedulerState                 0x08004d8c   Section        0  tasks.o(i.xTaskGetSchedulerState)
    i.xTaskGetTickCount                      0x08004dac   Section        0  tasks.o(i.xTaskGetTickCount)
    i.xTaskIncrementTick                     0x08004db8   Section        0  tasks.o(i.xTaskIncrementTick)
    i.xTaskRemoveFromEventList               0x08004ed4   Section        0  tasks.o(i.xTaskRemoveFromEventList)
    i.xTaskResumeAll                         0x08004f54   Section        0  tasks.o(i.xTaskResumeAll)
    i.xTimerCreate                           0x0800503c   Section        0  timers.o(i.xTimerCreate)
    i.xTimerCreateTimerTask                  0x08005074   Section        0  timers.o(i.xTimerCreateTimerTask)
    i.xTimerGenericCommand                   0x080050b0   Section        0  timers.o(i.xTimerGenericCommand)
    .constdata                               0x0800511c   Section       40  fnd.o(.constdata)
    .constdata                               0x08005144   Section       24  system_stm32f1xx.o(.constdata)
    .data                                    0x20000000   Section        4  main.o(.data)
    n                                        0x20000000   Data           4  main.o(.data)
    .data                                    0x20000004   Section       24  rtos_testing.o(.data)
    .data                                    0x2000001c   Section        9  stm32f1xx_hal.o(.data)
    .data                                    0x20000028   Section        4  system_stm32f1xx.o(.data)
    .data                                    0x2000002c   Section       64  tasks.o(.data)
    pxDelayedTaskList                        0x20000030   Data           4  tasks.o(.data)
    pxOverflowDelayedTaskList                0x20000034   Data           4  tasks.o(.data)
    uxDeletedTasksWaitingCleanUp             0x20000038   Data           4  tasks.o(.data)
    uxCurrentNumberOfTasks                   0x2000003c   Data           4  tasks.o(.data)
    xTickCount                               0x20000040   Data           4  tasks.o(.data)
    uxTopReadyPriority                       0x20000044   Data           4  tasks.o(.data)
    xSchedulerRunning                        0x20000048   Data           4  tasks.o(.data)
    xPendedTicks                             0x2000004c   Data           4  tasks.o(.data)
    xYieldPending                            0x20000050   Data           4  tasks.o(.data)
    xNumOfOverflows                          0x20000054   Data           4  tasks.o(.data)
    uxTaskNumber                             0x20000058   Data           4  tasks.o(.data)
    xNextTaskUnblockTime                     0x2000005c   Data           4  tasks.o(.data)
    xIdleTaskHandle                          0x20000060   Data           4  tasks.o(.data)
    uxSchedulerSuspended                     0x20000068   Data           4  tasks.o(.data)
    .data                                    0x2000006c   Section       20  timers.o(.data)
    pxCurrentTimerList                       0x2000006c   Data           4  timers.o(.data)
    pxOverflowTimerList                      0x20000070   Data           4  timers.o(.data)
    xTimerQueue                              0x20000074   Data           4  timers.o(.data)
    xTimerTaskHandle                         0x20000078   Data           4  timers.o(.data)
    xLastTime                                0x2000007c   Data           4  timers.o(.data)
    .data                                    0x20000080   Section        8  heap_1.o(.data)
    xNextFreeByte                            0x20000080   Data           4  heap_1.o(.data)
    pucAlignedHeap                           0x20000084   Data           4  heap_1.o(.data)
    .data                                    0x20000088   Section        4  port.o(.data)
    uxCriticalNesting                        0x20000088   Data           4  port.o(.data)
    .bss                                     0x2000008c   Section      112  main.o(.bss)
    .bss                                     0x200000fc   Section      200  tasks.o(.bss)
    pxReadyTasksLists                        0x200000fc   Data         100  tasks.o(.bss)
    xDelayedTaskList1                        0x20000160   Data          20  tasks.o(.bss)
    xDelayedTaskList2                        0x20000174   Data          20  tasks.o(.bss)
    xPendingReadyList                        0x20000188   Data          20  tasks.o(.bss)
    xTasksWaitingTermination                 0x2000019c   Data          20  tasks.o(.bss)
    xSuspendedTaskList                       0x200001b0   Data          20  tasks.o(.bss)
    .bss                                     0x200001c4   Section       40  timers.o(.bss)
    xActiveTimerList1                        0x200001c4   Data          20  timers.o(.bss)
    xActiveTimerList2                        0x200001d8   Data          20  timers.o(.bss)
    .bss                                     0x200001ec   Section    12288  heap_1.o(.bss)
    ucHeap                                   0x200001ec   Data       12288  heap_1.o(.bss)
    STACK                                    0x200031f0   Section     2048  startup_stm32f103xb.o(STACK)

    Global Symbols

    Symbol Name                              Value     Ov Type        Size  Object(Section)

    BuildAttributes$$THM_ISAv4$P$D$K$B$S$PE$A:L22UL41UL21$X:L11$S22US41US21$IEEE1$IW$USESV6$~STKCKD$USESV7$~SHL$OSPACE$ROPI$EBA8$MICROLIB$REQ8$PRES8$EABIv2 0x00000000   Number         0  anon$$obj.o ABSOLUTE
    __ARM_use_no_argv                        0x00000000   Number         0  main.o ABSOLUTE
    __cpp_initialize__aeabi_                  - Undefined Weak Reference
    __cxa_finalize                            - Undefined Weak Reference
    __decompress                              - Undefined Weak Reference
    _clock_init                               - Undefined Weak Reference
    _microlib_exit                            - Undefined Weak Reference
    __Vectors_Size                           0x000000ec   Number         0  startup_stm32f103xb.o ABSOLUTE
    __Vectors                                0x08000000   Data           4  startup_stm32f103xb.o(RESET)
    __Vectors_End                            0x080000ec   Data           0  startup_stm32f103xb.o(RESET)
    __main                                   0x080000ed   Thumb Code     0  entry.o(.ARM.Collect$$$$00000000)
    _main_stk                                0x080000ed   Thumb Code     0  entry2.o(.ARM.Collect$$$$00000001)
    _main_scatterload                        0x080000f1   Thumb Code     0  entry5.o(.ARM.Collect$$$$00000004)
    __main_after_scatterload                 0x080000f5   Thumb Code     0  entry5.o(.ARM.Collect$$$$00000004)
    _main_clock                              0x080000f5   Thumb Code     0  entry7b.o(.ARM.Collect$$$$00000008)
    _main_cpp_init                           0x080000f5   Thumb Code     0  entry8b.o(.ARM.Collect$$$$0000000A)
    _main_init                               0x080000f5   Thumb Code     0  entry9a.o(.ARM.Collect$$$$0000000B)
    __rt_final_cpp                           0x080000fd   Thumb Code     0  entry10a.o(.ARM.Collect$$$$0000000D)
    __rt_final_exit                          0x080000fd   Thumb Code     0  entry11a.o(.ARM.Collect$$$$0000000F)
    vPortSVCHandler                          0x08000101   Thumb Code    32  port.o(.emb_text)
    __asm___6_port_c_39a90d8d__prvStartFirstTask 0x08000125   Thumb Code    28  port.o(.emb_text)
    xPortPendSVHandler                       0x08000145   Thumb Code    72  port.o(.emb_text)
    vPortGetIPSR                             0x08000191   Thumb Code     6  port.o(.emb_text)
    Reset_Handler                            0x08000199   Thumb Code     8  startup_stm32f103xb.o(.text)
    ADC1_2_IRQHandler                        0x080001b3   Thumb Code     0  startup_stm32f103xb.o(.text)
    CAN1_RX1_IRQHandler                      0x080001b3   Thumb Code     0  startup_stm32f103xb.o(.text)
    CAN1_SCE_IRQHandler                      0x080001b3   Thumb Code     0  startup_stm32f103xb.o(.text)
    DMA1_Channel1_IRQHandler                 0x080001b3   Thumb Code     0  startup_stm32f103xb.o(.text)
    DMA1_Channel2_IRQHandler                 0x080001b3   Thumb Code     0  startup_stm32f103xb.o(.text)
    DMA1_Channel3_IRQHandler                 0x080001b3   Thumb Code     0  startup_stm32f103xb.o(.text)
    DMA1_Channel4_IRQHandler                 0x080001b3   Thumb Code     0  startup_stm32f103xb.o(.text)
    DMA1_Channel5_IRQHandler                 0x080001b3   Thumb Code     0  startup_stm32f103xb.o(.text)
    DMA1_Channel6_IRQHandler                 0x080001b3   Thumb Code     0  startup_stm32f103xb.o(.text)
    DMA1_Channel7_IRQHandler                 0x080001b3   Thumb Code     0  startup_stm32f103xb.o(.text)
    EXTI15_10_IRQHandler                     0x080001b3   Thumb Code     0  startup_stm32f103xb.o(.text)
    EXTI2_IRQHandler                         0x080001b3   Thumb Code     0  startup_stm32f103xb.o(.text)
    EXTI3_IRQHandler                         0x080001b3   Thumb Code     0  startup_stm32f103xb.o(.text)
    EXTI4_IRQHandler                         0x080001b3   Thumb Code     0  startup_stm32f103xb.o(.text)
    EXTI9_5_IRQHandler                       0x080001b3   Thumb Code     0  startup_stm32f103xb.o(.text)
    FLASH_IRQHandler                         0x080001b3   Thumb Code     0  startup_stm32f103xb.o(.text)
    I2C1_ER_IRQHandler                       0x080001b3   Thumb Code     0  startup_stm32f103xb.o(.text)
    I2C1_EV_IRQHandler                       0x080001b3   Thumb Code     0  startup_stm32f103xb.o(.text)
    I2C2_ER_IRQHandler                       0x080001b3   Thumb Code     0  startup_stm32f103xb.o(.text)
    I2C2_EV_IRQHandler                       0x080001b3   Thumb Code     0  startup_stm32f103xb.o(.text)
    PVD_IRQHandler                           0x080001b3   Thumb Code     0  startup_stm32f103xb.o(.text)
    RCC_IRQHandler                           0x080001b3   Thumb Code     0  startup_stm32f103xb.o(.text)
    RTC_Alarm_IRQHandler                     0x080001b3   Thumb Code     0  startup_stm32f103xb.o(.text)
    RTC_IRQHandler                           0x080001b3   Thumb Code     0  startup_stm32f103xb.o(.text)
    SPI1_IRQHandler                          0x080001b3   Thumb Code     0  startup_stm32f103xb.o(.text)
    SPI2_IRQHandler                          0x080001b3   Thumb Code     0  startup_stm32f103xb.o(.text)
    TAMPER_IRQHandler                        0x080001b3   Thumb Code     0  startup_stm32f103xb.o(.text)
    TIM1_BRK_IRQHandler                      0x080001b3   Thumb Code     0  startup_stm32f103xb.o(.text)
    TIM1_CC_IRQHandler                       0x080001b3   Thumb Code     0  startup_stm32f103xb.o(.text)
    TIM1_TRG_COM_IRQHandler                  0x080001b3   Thumb Code     0  startup_stm32f103xb.o(.text)
    TIM1_UP_IRQHandler                       0x080001b3   Thumb Code     0  startup_stm32f103xb.o(.text)
    TIM2_IRQHandler                          0x080001b3   Thumb Code     0  startup_stm32f103xb.o(.text)
    TIM3_IRQHandler                          0x080001b3   Thumb Code     0  startup_stm32f103xb.o(.text)
    TIM4_IRQHandler                          0x080001b3   Thumb Code     0  startup_stm32f103xb.o(.text)
    USART1_IRQHandler                        0x080001b3   Thumb Code     0  startup_stm32f103xb.o(.text)
    USART2_IRQHandler                        0x080001b3   Thumb Code     0  startup_stm32f103xb.o(.text)
    USART3_IRQHandler                        0x080001b3   Thumb Code     0  startup_stm32f103xb.o(.text)
    USBWakeUp_IRQHandler                     0x080001b3   Thumb Code     0  startup_stm32f103xb.o(.text)
    USB_HP_CAN1_TX_IRQHandler                0x080001b3   Thumb Code     0  startup_stm32f103xb.o(.text)
    USB_LP_CAN1_RX0_IRQHandler               0x080001b3   Thumb Code     0  startup_stm32f103xb.o(.text)
    WWDG_IRQHandler                          0x080001b3   Thumb Code     0  startup_stm32f103xb.o(.text)
    __aeabi_llsr                             0x080001bd   Thumb Code    32  llushr.o(.text)
    _ll_ushift_r                             0x080001bd   Thumb Code     0  llushr.o(.text)
    __aeabi_memcpy                           0x080001dd   Thumb Code    36  memcpya.o(.text)
    __aeabi_memcpy4                          0x080001dd   Thumb Code     0  memcpya.o(.text)
    __aeabi_memcpy8                          0x080001dd   Thumb Code     0  memcpya.o(.text)
    __aeabi_memset                           0x08000201   Thumb Code    14  memseta.o(.text)
    __aeabi_memset4                          0x08000201   Thumb Code     0  memseta.o(.text)
    __aeabi_memset8                          0x08000201   Thumb Code     0  memseta.o(.text)
    __aeabi_memclr                           0x0800020f   Thumb Code     4  memseta.o(.text)
    __aeabi_memclr4                          0x0800020f   Thumb Code     0  memseta.o(.text)
    __aeabi_memclr8                          0x0800020f   Thumb Code     0  memseta.o(.text)
    _memset$wrapper                          0x08000213   Thumb Code    18  memseta.o(.text)
    strlen                                   0x08000225   Thumb Code    14  strlen.o(.text)
    __aeabi_uidiv                            0x08000233   Thumb Code     0  uidiv.o(.text)
    __aeabi_uidivmod                         0x08000233   Thumb Code    44  uidiv.o(.text)
    __aeabi_uldivmod                         0x0800025f   Thumb Code    98  uldiv.o(.text)
    __I$use$fp                               0x080002c1   Thumb Code     0  iusefp.o(.text)
    __aeabi_dadd                             0x080002c1   Thumb Code   322  dadd.o(.text)
    __aeabi_dsub                             0x08000403   Thumb Code     6  dadd.o(.text)
    __aeabi_drsub                            0x08000409   Thumb Code     6  dadd.o(.text)
    __aeabi_dmul                             0x0800040f   Thumb Code   228  dmul.o(.text)
    __aeabi_ddiv                             0x080004f3   Thumb Code   222  ddiv.o(.text)
    __aeabi_d2ulz                            0x080005d1   Thumb Code    48  dfixul.o(.text)
    __aeabi_cdrcmple                         0x08000601   Thumb Code    48  cdrcmple.o(.text)
    __scatterload                            0x08000631   Thumb Code    28  init.o(.text)
    __scatterload_rt2                        0x08000631   Thumb Code     0  init.o(.text)
    __aeabi_llsl                             0x08000655   Thumb Code    30  llshl.o(.text)
    _ll_shift_l                              0x08000655   Thumb Code     0  llshl.o(.text)
    __aeabi_lasr                             0x08000673   Thumb Code    36  llsshr.o(.text)
    _ll_sshift_r                             0x08000673   Thumb Code     0  llsshr.o(.text)
    _double_round                            0x08000697   Thumb Code    30  depilogue.o(.text)
    _double_epilogue                         0x080006b5   Thumb Code   156  depilogue.o(.text)
    ADC_ConversionStop_Disable               0x08000751   Thumb Code    82  stm32f1xx_hal_adc.o(i.ADC_ConversionStop_Disable)
    ADC_Enable                               0x080007a5   Thumb Code   122  stm32f1xx_hal_adc.o(i.ADC_Enable)
    BusFault_Handler                         0x08000829   Thumb Code     4  stm32f1xx_it.o(i.BusFault_Handler)
    DebugMon_Handler                         0x0800082d   Thumb Code     2  stm32f1xx_it.o(i.DebugMon_Handler)
    EXTI0_IRQHandler                         0x0800082f   Thumb Code    10  stm32f1xx_it.o(i.EXTI0_IRQHandler)
    EXTI1_IRQHandler                         0x08000839   Thumb Code    10  stm32f1xx_it.o(i.EXTI1_IRQHandler)
    Error_Handler                            0x08000843   Thumb Code     2  main.o(i.Error_Handler)
    HAL_ADC_ConfigChannel                    0x08000845   Thumb Code   652  stm32f1xx_hal_adc.o(i.HAL_ADC_ConfigChannel)
    HAL_ADC_GetValue                         0x08000b19   Thumb Code    38  stm32f1xx_hal_adc.o(i.HAL_ADC_GetValue)
    HAL_ADC_Init                             0x08000b81   Thumb Code   542  stm32f1xx_hal_adc.o(i.HAL_ADC_Init)
    HAL_ADC_MspInit                          0x08000de9   Thumb Code    98  stm32f1xx_hal_msp.o(i.HAL_ADC_MspInit)
    HAL_ADC_Start                            0x08000e59   Thumb Code   326  stm32f1xx_hal_adc.o(i.HAL_ADC_Start)
    HAL_Delay                                0x08000fe1   Thumb Code    36  stm32f1xx_hal.o(i.HAL_Delay)
    HAL_GPIO_EXTI_Callback                   0x08001009   Thumb Code    30  rtos_testing.o(i.HAL_GPIO_EXTI_Callback)
    HAL_GPIO_EXTI_IRQHandler                 0x08001039   Thumb Code    24  stm32f1xx_hal_gpio.o(i.HAL_GPIO_EXTI_IRQHandler)
    HAL_GPIO_Init                            0x08001055   Thumb Code   900  stm32f1xx_hal_gpio.o(i.HAL_GPIO_Init)
    HAL_GPIO_ReadPin                         0x0800144d   Thumb Code    44  stm32f1xx_hal_gpio.o(i.HAL_GPIO_ReadPin)
    HAL_GPIO_TogglePin                       0x080014b5   Thumb Code    36  stm32f1xx_hal_gpio.o(i.HAL_GPIO_TogglePin)
    HAL_GPIO_WritePin                        0x08001515   Thumb Code    60  stm32f1xx_hal_gpio.o(i.HAL_GPIO_WritePin)
    HAL_GetTick                              0x0800158d   Thumb Code     6  stm32f1xx_hal.o(i.HAL_GetTick)
    HAL_Init                                 0x08001599   Thumb Code    34  stm32f1xx_hal.o(i.HAL_Init)
    HAL_InitTick                             0x080015c1   Thumb Code    64  stm32f1xx_hal.o(i.HAL_InitTick)
    HAL_MspInit                              0x0800160d   Thumb Code    74  stm32f1xx_hal_msp.o(i.HAL_MspInit)
    HAL_NVIC_EnableIRQ                       0x08001661   Thumb Code    44  stm32f1xx_hal_cortex.o(i.HAL_NVIC_EnableIRQ)
    HAL_NVIC_SetPriority                     0x080016c9   Thumb Code   152  stm32f1xx_hal_cortex.o(i.HAL_NVIC_SetPriority)
    HAL_NVIC_SetPriorityGrouping             0x0800179d   Thumb Code    66  stm32f1xx_hal_cortex.o(i.HAL_NVIC_SetPriorityGrouping)
    HAL_RCCEx_PeriphCLKConfig                0x08001825   Thumb Code   432  stm32f1xx_hal_rcc_ex.o(i.HAL_RCCEx_PeriphCLKConfig)
    HAL_RCC_ClockConfig                      0x08001a1d   Thumb Code   720  stm32f1xx_hal_rcc.o(i.HAL_RCC_ClockConfig)
    HAL_RCC_GetHCLKFreq                      0x08001d35   Thumb Code     6  stm32f1xx_hal_rcc.o(i.HAL_RCC_GetHCLKFreq)
    HAL_RCC_GetPCLK1Freq                     0x08001d41   Thumb Code    22  stm32f1xx_hal_rcc.o(i.HAL_RCC_GetPCLK1Freq)
    HAL_RCC_GetPCLK2Freq                     0x08001d61   Thumb Code    22  stm32f1xx_hal_rcc.o(i.HAL_RCC_GetPCLK2Freq)
    HAL_RCC_GetSysClockFreq                  0x08001d81   Thumb Code   116  stm32f1xx_hal_rcc.o(i.HAL_RCC_GetSysClockFreq)
    HAL_RCC_OscConfig                        0x08001e15   Thumb Code  1542  stm32f1xx_hal_rcc.o(i.HAL_RCC_OscConfig)
    HAL_SYSTICK_Config                       0x08002425   Thumb Code    52  stm32f1xx_hal_cortex.o(i.HAL_SYSTICK_Config)
    HAL_UART_Init                            0x08002459   Thumb Code   250  stm32f1xx_hal_uart.o(i.HAL_UART_Init)
    HAL_UART_MspInit                         0x0800259d   Thumb Code   122  stm32f1xx_hal_msp.o(i.HAL_UART_MspInit)
    HardFault_Handler                        0x08002625   Thumb Code     4  stm32f1xx_it.o(i.HardFault_Handler)
    MemManage_Handler                        0x080027f5   Thumb Code     4  stm32f1xx_it.o(i.MemManage_Handler)
    MyPendSVHandler                          0x080027f9   Thumb Code     4  main.o(i.MyPendSVHandler)
    NMI_Handler                              0x080027fd   Thumb Code     2  stm32f1xx_it.o(i.NMI_Handler)
    SystemClock_Config                       0x08002861   Thumb Code   132  main.o(i.SystemClock_Config)
    SystemInit                               0x080028e5   Thumb Code    70  system_stm32f1xx.o(i.SystemInit)
    TASK_A                                   0x0800293d   Thumb Code    84  rtos_testing.o(i.TASK_A)
    TASK_B                                   0x0800299d   Thumb Code    28  rtos_testing.o(i.TASK_B)
    TASK_C                                   0x080029cd   Thumb Code   148  rtos_testing.o(i.TASK_C)
    TASK_D                                   0x08002a65   Thumb Code    34  rtos_testing.o(i.TASK_D)
    TASK_E                                   0x08002a87   Thumb Code    18  rtos_testing.o(i.TASK_E)
    Uart_Printf                              0x08002d05   Thumb Code    56  uart.o(i.Uart_Printf)
    Uart_SendByte                            0x08002d3d   Thumb Code    22  uart.o(i.Uart_SendByte)
    UsageFault_Handler                       0x08002d59   Thumb Code     4  stm32f1xx_it.o(i.UsageFault_Handler)
    __0vsprintf                              0x08002d5d   Thumb Code    30  printfa.o(i.__0vsprintf)
    __1vsprintf                              0x08002d5d   Thumb Code     0  printfa.o(i.__0vsprintf)
    __2vsprintf                              0x08002d5d   Thumb Code     0  printfa.o(i.__0vsprintf)
    __c89vsprintf                            0x08002d5d   Thumb Code     0  printfa.o(i.__0vsprintf)
    vsprintf                                 0x08002d5d   Thumb Code     0  printfa.o(i.__0vsprintf)
    __scatterload_copy                       0x08002d81   Thumb Code    14  handlers.o(i.__scatterload_copy)
    __scatterload_null                       0x08002d8f   Thumb Code     2  handlers.o(i.__scatterload_null)
    __scatterload_zeroinit                   0x08002d91   Thumb Code    14  handlers.o(i.__scatterload_zeroinit)
    assert_failed                            0x0800365d   Thumb Code     2  main.o(i.assert_failed)
    display_number                           0x08003661   Thumb Code    80  fnd.o(i.display_number)
    get_cds_value                            0x080036bd   Thumb Code    10  cds.o(i.get_cds_value)
    is_key_pressed                           0x080036cd   Thumb Code    60  key.o(i.is_key_pressed)
    led_off                                  0x0800370d   Thumb Code   130  led.o(i.led_off)
    led_off_all                              0x08003799   Thumb Code    28  led.o(i.led_off_all)
    led_on                                   0x080037bd   Thumb Code   138  led.o(i.led_on)
    led_toggle                               0x08003851   Thumb Code   122  led.o(i.led_toggle)
    main                                     0x080038d5   Thumb Code   278  main.o(i.main)
    pvPortMalloc                             0x08004269   Thumb Code    98  heap_1.o(i.pvPortMalloc)
    pxPortInitialiseStack                    0x080042d9   Thumb Code    30  port.o(i.pxPortInitialiseStack)
    queue_init                               0x080042fd   Thumb Code    32  rtos_testing.o(i.queue_init)
    start_freertos_testing                   0x08004325   Thumb Code   132  rtos_testing.o(i.start_freertos_testing)
    ulTaskGenericNotifyTake                  0x080043f9   Thumb Code   128  tasks.o(i.ulTaskGenericNotifyTake)
    uxListRemove                             0x08004481   Thumb Code    40  list.o(i.uxListRemove)
    vApplicationIdleHook                     0x080044a9   Thumb Code     4  rtos_testing.o(i.vApplicationIdleHook)
    vListInitialise                          0x080044ad   Thumb Code    26  list.o(i.vListInitialise)
    vListInitialiseItem                      0x080044c7   Thumb Code     6  list.o(i.vListInitialiseItem)
    vListInsert                              0x080044cd   Thumb Code    52  list.o(i.vListInsert)
    vListInsertEnd                           0x08004501   Thumb Code    24  list.o(i.vListInsertEnd)
    vPortEnterCritical                       0x08004519   Thumb Code    30  port.o(i.vPortEnterCritical)
    vPortExitCritical                        0x0800453d   Thumb Code    28  port.o(i.vPortExitCritical)
    vPortFree                                0x0800455d   Thumb Code     2  heap_1.o(i.vPortFree)
    vPortSetupTimerInterrupt                 0x08004561   Thumb Code    20  port.o(i.vPortSetupTimerInterrupt)
    vQueueWaitForMessageRestricted           0x08004579   Thumb Code    74  queue.o(i.vQueueWaitForMessageRestricted)
    vTaskDelay                               0x080045c5   Thumb Code    46  tasks.o(i.vTaskDelay)
    vTaskGenericNotifyGiveFromISR            0x080045f9   Thumb Code   166  tasks.o(i.vTaskGenericNotifyGiveFromISR)
    vTaskInternalSetTimeOutState             0x080046b9   Thumb Code    14  tasks.o(i.vTaskInternalSetTimeOutState)
    vTaskMissedYield                         0x080046d1   Thumb Code     8  tasks.o(i.vTaskMissedYield)
    vTaskPlaceOnEventList                    0x080046dd   Thumb Code    28  tasks.o(i.vTaskPlaceOnEventList)
    vTaskPlaceOnEventListRestricted          0x080046fd   Thumb Code    36  tasks.o(i.vTaskPlaceOnEventListRestricted)
    vTaskStartScheduler                      0x08004725   Thumb Code    86  tasks.o(i.vTaskStartScheduler)
    vTaskSuspendAll                          0x0800479d   Thumb Code    12  tasks.o(i.vTaskSuspendAll)
    vTaskSwitchContext                       0x080047ad   Thumb Code    76  tasks.o(i.vTaskSwitchContext)
    xPortStartScheduler                      0x0800480d   Thumb Code    42  port.o(i.xPortStartScheduler)
    xPortSysTickHandler                      0x08004841   Thumb Code    46  port.o(i.xPortSysTickHandler)
    xQueueGenericCreate                      0x08004875   Thumb Code    52  queue.o(i.xQueueGenericCreate)
    xQueueGenericReset                       0x080048a9   Thumb Code   122  queue.o(i.xQueueGenericReset)
    xQueueGenericSend                        0x08004929   Thumb Code   276  queue.o(i.xQueueGenericSend)
    xQueueGenericSendFromISR                 0x08004a41   Thumb Code   138  queue.o(i.xQueueGenericSendFromISR)
    xQueueReceive                            0x08004acd   Thumb Code   256  queue.o(i.xQueueReceive)
    xTaskCheckForTimeOut                     0x08004bd1   Thumb Code    88  tasks.o(i.xTaskCheckForTimeOut)
    xTaskCreate                              0x08004c31   Thumb Code    96  tasks.o(i.xTaskCreate)
    xTaskGenericNotify                       0x08004c91   Thumb Code   234  tasks.o(i.xTaskGenericNotify)
    xTaskGetSchedulerState                   0x08004d8d   Thumb Code    24  tasks.o(i.xTaskGetSchedulerState)
    xTaskGetTickCount                        0x08004dad   Thumb Code     6  tasks.o(i.xTaskGetTickCount)
    xTaskIncrementTick                       0x08004db9   Thumb Code   238  tasks.o(i.xTaskIncrementTick)
    xTaskRemoveFromEventList                 0x08004ed5   Thumb Code   104  tasks.o(i.xTaskRemoveFromEventList)
    xTaskResumeAll                           0x08004f55   Thumb Code   196  tasks.o(i.xTaskResumeAll)
    xTimerCreate                             0x0800503d   Thumb Code    54  timers.o(i.xTimerCreate)
    xTimerCreateTimerTask                    0x08005075   Thumb Code    40  timers.o(i.xTimerCreateTimerTask)
    xTimerGenericCommand                     0x080050b1   Thumb Code   102  timers.o(i.xTimerGenericCommand)
    AHBPrescTable                            0x08005144   Data          16  system_stm32f1xx.o(.constdata)
    APBPrescTable                            0x08005154   Data           8  system_stm32f1xx.o(.constdata)
    Region$$Table$$Base                      0x0800515c   Number         0  anon$$obj.o(Region$$Table)
    Region$$Table$$Limit                     0x0800517c   Number         0  anon$$obj.o(Region$$Table)
    xTaskA                                   0x20000004   Data           4  rtos_testing.o(.data)
    xTaskB                                   0x20000008   Data           4  rtos_testing.o(.data)
    xTaskC                                   0x2000000c   Data           4  rtos_testing.o(.data)
    xTaskD                                   0x20000010   Data           4  rtos_testing.o(.data)
    xQueue1                                  0x20000014   Data           4  rtos_testing.o(.data)
    xQueue2                                  0x20000018   Data           4  rtos_testing.o(.data)
    uwTick                                   0x2000001c   Data           4  stm32f1xx_hal.o(.data)
    uwTickPrio                               0x20000020   Data           4  stm32f1xx_hal.o(.data)
    uwTickFreq                               0x20000024   Data           1  stm32f1xx_hal.o(.data)
    SystemCoreClock                          0x20000028   Data           4  system_stm32f1xx.o(.data)
    pxCurrentTCB                             0x2000002c   Data           4  tasks.o(.data)
    uxTopUsedPriority                        0x20000064   Data           4  tasks.o(.data)
    hadc1                                    0x2000008c   Data          48  main.o(.bss)
    huart1                                   0x200000bc   Data          64  main.o(.bss)
    __initial_sp                             0x200039f0   Data           0  startup_stm32f103xb.o(STACK)



==============================================================================

Memory Map of the image

  Image Entry point : 0x080000ed

  Load Region LR_IROM1 (Base: 0x08000000, Size: 0x00005208, Max: 0x00020000, ABSOLUTE)

    Execution Region ER_IROM1 (Exec base: 0x08000000, Load base: 0x08000000, Size: 0x0000517c, Max: 0x00020000, ABSOLUTE)

    Exec Addr    Load Addr    Size         Type   Attr      Idx    E Section Name        Object

    0x08000000   0x08000000   0x000000ec   Data   RO            3    RESET               startup_stm32f103xb.o
    0x080000ec   0x080000ec   0x00000000   Code   RO         2998  * .ARM.Collect$$$$00000000  mc_w.l(entry.o)
    0x080000ec   0x080000ec   0x00000004   Code   RO         3039    .ARM.Collect$$$$00000001  mc_w.l(entry2.o)
    0x080000f0   0x080000f0   0x00000004   Code   RO         3042    .ARM.Collect$$$$00000004  mc_w.l(entry5.o)
    0x080000f4   0x080000f4   0x00000000   Code   RO         3044    .ARM.Collect$$$$00000008  mc_w.l(entry7b.o)
    0x080000f4   0x080000f4   0x00000000   Code   RO         3046    .ARM.Collect$$$$0000000A  mc_w.l(entry8b.o)
    0x080000f4   0x080000f4   0x00000008   Code   RO         3047    .ARM.Collect$$$$0000000B  mc_w.l(entry9a.o)
    0x080000fc   0x080000fc   0x00000000   Code   RO         3049    .ARM.Collect$$$$0000000D  mc_w.l(entry10a.o)
    0x080000fc   0x080000fc   0x00000000   Code   RO         3051    .ARM.Collect$$$$0000000F  mc_w.l(entry11a.o)
    0x080000fc   0x080000fc   0x00000004   Code   RO         3040    .ARM.Collect$$$$00002712  mc_w.l(entry2.o)
    0x08000100   0x08000100   0x00000096   Code   RO         2927    .emb_text           port.o
    0x08000196   0x08000196   0x00000002   PAD
    0x08000198   0x08000198   0x00000024   Code   RO            4    .text               startup_stm32f103xb.o
    0x080001bc   0x080001bc   0x00000020   Code   RO         3001    .text               mc_w.l(llushr.o)
    0x080001dc   0x080001dc   0x00000024   Code   RO         3003    .text               mc_w.l(memcpya.o)
    0x08000200   0x08000200   0x00000024   Code   RO         3005    .text               mc_w.l(memseta.o)
    0x08000224   0x08000224   0x0000000e   Code   RO         3007    .text               mc_w.l(strlen.o)
    0x08000232   0x08000232   0x0000002c   Code   RO         3056    .text               mc_w.l(uidiv.o)
    0x0800025e   0x0800025e   0x00000062   Code   RO         3058    .text               mc_w.l(uldiv.o)
    0x080002c0   0x080002c0   0x00000000   Code   RO         3060    .text               mc_w.l(iusefp.o)
    0x080002c0   0x080002c0   0x0000014e   Code   RO         3061    .text               mf_w.l(dadd.o)
    0x0800040e   0x0800040e   0x000000e4   Code   RO         3063    .text               mf_w.l(dmul.o)
    0x080004f2   0x080004f2   0x000000de   Code   RO         3065    .text               mf_w.l(ddiv.o)
    0x080005d0   0x080005d0   0x00000030   Code   RO         3067    .text               mf_w.l(dfixul.o)
    0x08000600   0x08000600   0x00000030   Code   RO         3069    .text               mf_w.l(cdrcmple.o)
    0x08000630   0x08000630   0x00000024   Code   RO         3071    .text               mc_w.l(init.o)
    0x08000654   0x08000654   0x0000001e   Code   RO         3074    .text               mc_w.l(llshl.o)
    0x08000672   0x08000672   0x00000024   Code   RO         3076    .text               mc_w.l(llsshr.o)
    0x08000696   0x08000696   0x000000ba   Code   RO         3079    .text               mf_w.l(depilogue.o)
    0x08000750   0x08000750   0x00000052   Code   RO          647    i.ADC_ConversionStop_Disable  stm32f1xx_hal_adc.o
    0x080007a2   0x080007a2   0x00000002   PAD
    0x080007a4   0x080007a4   0x00000084   Code   RO          651    i.ADC_Enable        stm32f1xx_hal_adc.o
    0x08000828   0x08000828   0x00000004   Code   RO          184    i.BusFault_Handler  stm32f1xx_it.o
    0x0800082c   0x0800082c   0x00000002   Code   RO          185    i.DebugMon_Handler  stm32f1xx_it.o
    0x0800082e   0x0800082e   0x0000000a   Code   RO          186    i.EXTI0_IRQHandler  stm32f1xx_it.o
    0x08000838   0x08000838   0x0000000a   Code   RO          187    i.EXTI1_IRQHandler  stm32f1xx_it.o
    0x08000842   0x08000842   0x00000002   Code   RO           13    i.Error_Handler     main.o
    0x08000844   0x08000844   0x000002d4   Code   RO          653    i.HAL_ADC_ConfigChannel  stm32f1xx_hal_adc.o
    0x08000b18   0x08000b18   0x00000068   Code   RO          660    i.HAL_ADC_GetValue  stm32f1xx_hal_adc.o
    0x08000b80   0x08000b80   0x00000268   Code   RO          662    i.HAL_ADC_Init      stm32f1xx_hal_adc.o
    0x08000de8   0x08000de8   0x00000070   Code   RO          276    i.HAL_ADC_MspInit   stm32f1xx_hal_msp.o
    0x08000e58   0x08000e58   0x00000188   Code   RO          668    i.HAL_ADC_Start     stm32f1xx_hal_adc.o
    0x08000fe0   0x08000fe0   0x00000028   Code   RO         1297    i.HAL_Delay         stm32f1xx_hal.o
    0x08001008   0x08001008   0x00000030   Code   RO          483    i.HAL_GPIO_EXTI_Callback  rtos_testing.o
    0x08001038   0x08001038   0x0000001c   Code   RO         1597    i.HAL_GPIO_EXTI_IRQHandler  stm32f1xx_hal_gpio.o
    0x08001054   0x08001054   0x000003f8   Code   RO         1598    i.HAL_GPIO_Init     stm32f1xx_hal_gpio.o
    0x0800144c   0x0800144c   0x00000068   Code   RO         1600    i.HAL_GPIO_ReadPin  stm32f1xx_hal_gpio.o
    0x080014b4   0x080014b4   0x00000060   Code   RO         1601    i.HAL_GPIO_TogglePin  stm32f1xx_hal_gpio.o
    0x08001514   0x08001514   0x00000078   Code   RO         1602    i.HAL_GPIO_WritePin  stm32f1xx_hal_gpio.o
    0x0800158c   0x0800158c   0x0000000c   Code   RO         1301    i.HAL_GetTick       stm32f1xx_hal.o
    0x08001598   0x08001598   0x00000028   Code   RO         1306    i.HAL_Init          stm32f1xx_hal.o
    0x080015c0   0x080015c0   0x0000004c   Code   RO         1307    i.HAL_InitTick      stm32f1xx_hal.o
    0x0800160c   0x0800160c   0x00000054   Code   RO          277    i.HAL_MspInit       stm32f1xx_hal_msp.o
    0x08001660   0x08001660   0x00000068   Code   RO         1758    i.HAL_NVIC_EnableIRQ  stm32f1xx_hal_cortex.o
    0x080016c8   0x080016c8   0x000000d4   Code   RO         1764    i.HAL_NVIC_SetPriority  stm32f1xx_hal_cortex.o
    0x0800179c   0x0800179c   0x00000088   Code   RO         1765    i.HAL_NVIC_SetPriorityGrouping  stm32f1xx_hal_cortex.o
    0x08001824   0x08001824   0x000001f8   Code   RO         1561    i.HAL_RCCEx_PeriphCLKConfig  stm32f1xx_hal_rcc_ex.o
    0x08001a1c   0x08001a1c   0x00000318   Code   RO         1453    i.HAL_RCC_ClockConfig  stm32f1xx_hal_rcc.o
    0x08001d34   0x08001d34   0x0000000c   Code   RO         1458    i.HAL_RCC_GetHCLKFreq  stm32f1xx_hal_rcc.o
    0x08001d40   0x08001d40   0x00000020   Code   RO         1460    i.HAL_RCC_GetPCLK1Freq  stm32f1xx_hal_rcc.o
    0x08001d60   0x08001d60   0x00000020   Code   RO         1461    i.HAL_RCC_GetPCLK2Freq  stm32f1xx_hal_rcc.o
    0x08001d80   0x08001d80   0x00000094   Code   RO         1462    i.HAL_RCC_GetSysClockFreq  stm32f1xx_hal_rcc.o
    0x08001e14   0x08001e14   0x00000610   Code   RO         1465    i.HAL_RCC_OscConfig  stm32f1xx_hal_rcc.o
    0x08002424   0x08002424   0x00000034   Code   RO         1769    i.HAL_SYSTICK_Config  stm32f1xx_hal_cortex.o
    0x08002458   0x08002458   0x00000144   Code   RO          984    i.HAL_UART_Init     stm32f1xx_hal_uart.o
    0x0800259c   0x0800259c   0x00000088   Code   RO          279    i.HAL_UART_MspInit  stm32f1xx_hal_msp.o
    0x08002624   0x08002624   0x00000004   Code   RO          188    i.HardFault_Handler  stm32f1xx_it.o
    0x08002628   0x08002628   0x0000005c   Code   RO           14    i.MX_ADC1_Init      main.o
    0x08002684   0x08002684   0x00000138   Code   RO           15    i.MX_GPIO_Init      main.o
    0x080027bc   0x080027bc   0x00000038   Code   RO           16    i.MX_USART1_UART_Init  main.o
    0x080027f4   0x080027f4   0x00000004   Code   RO          189    i.MemManage_Handler  stm32f1xx_it.o
    0x080027f8   0x080027f8   0x00000004   Code   RO           17    i.MyPendSVHandler   main.o
    0x080027fc   0x080027fc   0x00000002   Code   RO          190    i.NMI_Handler       stm32f1xx_it.o
    0x080027fe   0x080027fe   0x00000002   PAD
    0x08002800   0x08002800   0x00000010   Code   RO         1771    i.NVIC_GetPriorityGrouping  stm32f1xx_hal_cortex.o
    0x08002810   0x08002810   0x00000028   Code   RO         1772    i.NVIC_SetPriority  stm32f1xx_hal_cortex.o
    0x08002838   0x08002838   0x00000028   Code   RO         1466    i.RCC_Delay         stm32f1xx_hal_rcc.o
    0x08002860   0x08002860   0x00000084   Code   RO           18    i.SystemClock_Config  main.o
    0x080028e4   0x080028e4   0x00000058   Code   RO         2213    i.SystemInit        system_stm32f1xx.o
    0x0800293c   0x0800293c   0x00000060   Code   RO          484    i.TASK_A            rtos_testing.o
    0x0800299c   0x0800299c   0x00000030   Code   RO          485    i.TASK_B            rtos_testing.o
    0x080029cc   0x080029cc   0x00000098   Code   RO          486    i.TASK_C            rtos_testing.o
    0x08002a64   0x08002a64   0x00000022   Code   RO          487    i.TASK_D            rtos_testing.o
    0x08002a86   0x08002a86   0x00000012   Code   RO          488    i.TASK_E            rtos_testing.o
    0x08002a98   0x08002a98   0x0000026c   Code   RO         1011    i.UART_SetConfig    stm32f1xx_hal_uart.o
    0x08002d04   0x08002d04   0x00000038   Code   RO          323    i.Uart_Printf       uart.o
    0x08002d3c   0x08002d3c   0x0000001c   Code   RO          324    i.Uart_SendByte     uart.o
    0x08002d58   0x08002d58   0x00000004   Code   RO          194    i.UsageFault_Handler  stm32f1xx_it.o
    0x08002d5c   0x08002d5c   0x00000024   Code   RO         3018    i.__0vsprintf       mc_w.l(printfa.o)
    0x08002d80   0x08002d80   0x0000000e   Code   RO         3083    i.__scatterload_copy  mc_w.l(handlers.o)
    0x08002d8e   0x08002d8e   0x00000002   Code   RO         3084    i.__scatterload_null  mc_w.l(handlers.o)
    0x08002d90   0x08002d90   0x0000000e   Code   RO         3085    i.__scatterload_zeroinit  mc_w.l(handlers.o)
    0x08002d9e   0x08002d9e   0x00000002   PAD
    0x08002da0   0x08002da0   0x00000184   Code   RO         3019    i._fp_digits        mc_w.l(printfa.o)
    0x08002f24   0x08002f24   0x000006dc   Code   RO         3020    i._printf_core      mc_w.l(printfa.o)
    0x08003600   0x08003600   0x00000024   Code   RO         3021    i._printf_post_padding  mc_w.l(printfa.o)
    0x08003624   0x08003624   0x0000002e   Code   RO         3022    i._printf_pre_padding  mc_w.l(printfa.o)
    0x08003652   0x08003652   0x0000000a   Code   RO         3024    i._sputc            mc_w.l(printfa.o)
    0x0800365c   0x0800365c   0x00000002   Code   RO           19    i.assert_failed     main.o
    0x0800365e   0x0800365e   0x00000002   PAD
    0x08003660   0x08003660   0x0000005c   Code   RO          458    i.display_number    fnd.o
    0x080036bc   0x080036bc   0x00000010   Code   RO          433    i.get_cds_value     cds.o
    0x080036cc   0x080036cc   0x00000040   Code   RO          409    i.is_key_pressed    key.o
    0x0800370c   0x0800370c   0x0000008c   Code   RO          361    i.led_off           led.o
    0x08003798   0x08003798   0x00000024   Code   RO          362    i.led_off_all       led.o
    0x080037bc   0x080037bc   0x00000094   Code   RO          363    i.led_on            led.o
    0x08003850   0x08003850   0x00000084   Code   RO          365    i.led_toggle        led.o
    0x080038d4   0x080038d4   0x00000174   Code   RO           20    i.main              main.o
    0x08003a48   0x08003a48   0x00000098   Code   RO         2452    i.prvAddCurrentTaskToDelayedList  tasks.o
    0x08003ae0   0x08003ae0   0x000000b4   Code   RO         2453    i.prvAddNewTaskToReadyList  tasks.o
    0x08003b94   0x08003b94   0x0000004c   Code   RO         2761    i.prvCheckForValidListAndQueue  timers.o
    0x08003be0   0x08003be0   0x00000048   Code   RO         2454    i.prvCheckTasksWaitingTermination  tasks.o
    0x08003c28   0x08003c28   0x0000002a   Code   RO         2294    i.prvCopyDataFromQueue  queue.o
    0x08003c52   0x08003c52   0x0000006a   Code   RO         2295    i.prvCopyDataToQueue  queue.o
    0x08003cbc   0x08003cbc   0x00000012   Code   RO         2455    i.prvDeleteTCB      tasks.o
    0x08003cce   0x08003cce   0x00000002   PAD
    0x08003cd0   0x08003cd0   0x00000028   Code   RO         2762    i.prvGetNextExpireTime  timers.o
    0x08003cf8   0x08003cf8   0x0000002c   Code   RO         2456    i.prvIdleTask       tasks.o
    0x08003d24   0x08003d24   0x00000026   Code   RO         2296    i.prvInitialiseNewQueue  queue.o
    0x08003d4a   0x08003d4a   0x0000008a   Code   RO         2457    i.prvInitialiseNewTask  tasks.o
    0x08003dd4   0x08003dd4   0x0000003a   Code   RO         2763    i.prvInitialiseNewTimer  timers.o
    0x08003e0e   0x08003e0e   0x00000002   PAD
    0x08003e10   0x08003e10   0x00000068   Code   RO         2458    i.prvInitialiseTaskLists  tasks.o
    0x08003e78   0x08003e78   0x00000058   Code   RO         2764    i.prvInsertTimerInActiveList  timers.o
    0x08003ed0   0x08003ed0   0x0000001a   Code   RO         2297    i.prvIsQueueEmpty   queue.o
    0x08003eea   0x08003eea   0x0000001e   Code   RO         2298    i.prvIsQueueFull    queue.o
    0x08003f08   0x08003f08   0x0000005c   Code   RO         2765    i.prvProcessExpiredTimer  timers.o
    0x08003f64   0x08003f64   0x000000fc   Code   RO         2766    i.prvProcessReceivedCommands  timers.o
    0x08004060   0x08004060   0x00000074   Code   RO         2767    i.prvProcessTimerOrBlockTask  timers.o
    0x080040d4   0x080040d4   0x00000030   Code   RO         2459    i.prvResetNextTaskUnblockTime  tasks.o
    0x08004104   0x08004104   0x0000002c   Code   RO         2768    i.prvSampleTimeNow  timers.o
    0x08004130   0x08004130   0x00000088   Code   RO         2769    i.prvSwitchTimerLists  timers.o
    0x080041b8   0x080041b8   0x00000016   Code   RO         2928    i.prvTaskExitError  port.o
    0x080041ce   0x080041ce   0x0000001a   Code   RO         2770    i.prvTimerTask      timers.o
    0x080041e8   0x080041e8   0x0000007e   Code   RO         2299    i.prvUnlockQueue    queue.o
    0x08004266   0x08004266   0x00000002   PAD
    0x08004268   0x08004268   0x00000070   Code   RO         2894    i.pvPortMalloc      heap_1.o
    0x080042d8   0x080042d8   0x00000024   Code   RO         2929    i.pxPortInitialiseStack  port.o
    0x080042fc   0x080042fc   0x00000028   Code   RO          489    i.queue_init        rtos_testing.o
    0x08004324   0x08004324   0x000000d4   Code   RO          490    i.start_freertos_testing  rtos_testing.o
    0x080043f8   0x080043f8   0x00000088   Code   RO         2461    i.ulTaskGenericNotifyTake  tasks.o
    0x08004480   0x08004480   0x00000028   Code   RO         2246    i.uxListRemove      list.o
    0x080044a8   0x080044a8   0x00000004   Code   RO          491    i.vApplicationIdleHook  rtos_testing.o
    0x080044ac   0x080044ac   0x0000001a   Code   RO         2247    i.vListInitialise   list.o
    0x080044c6   0x080044c6   0x00000006   Code   RO         2248    i.vListInitialiseItem  list.o
    0x080044cc   0x080044cc   0x00000034   Code   RO         2249    i.vListInsert       list.o
    0x08004500   0x08004500   0x00000018   Code   RO         2250    i.vListInsertEnd    list.o
    0x08004518   0x08004518   0x00000024   Code   RO         2931    i.vPortEnterCritical  port.o
    0x0800453c   0x0800453c   0x00000020   Code   RO         2932    i.vPortExitCritical  port.o
    0x0800455c   0x0800455c   0x00000002   Code   RO         2895    i.vPortFree         heap_1.o
    0x0800455e   0x0800455e   0x00000002   PAD
    0x08004560   0x08004560   0x00000018   Code   RO         2933    i.vPortSetupTimerInterrupt  port.o
    0x08004578   0x08004578   0x0000004a   Code   RO         2304    i.vQueueWaitForMessageRestricted  queue.o
    0x080045c2   0x080045c2   0x00000002   PAD
    0x080045c4   0x080045c4   0x00000034   Code   RO         2467    i.vTaskDelay        tasks.o
    0x080045f8   0x080045f8   0x000000c0   Code   RO         2470    i.vTaskGenericNotifyGiveFromISR  tasks.o
    0x080046b8   0x080046b8   0x00000018   Code   RO         2471    i.vTaskInternalSetTimeOutState  tasks.o
    0x080046d0   0x080046d0   0x0000000c   Code   RO         2472    i.vTaskMissedYield  tasks.o
    0x080046dc   0x080046dc   0x00000020   Code   RO         2473    i.vTaskPlaceOnEventList  tasks.o
    0x080046fc   0x080046fc   0x00000028   Code   RO         2474    i.vTaskPlaceOnEventListRestricted  tasks.o
    0x08004724   0x08004724   0x00000078   Code   RO         2480    i.vTaskStartScheduler  tasks.o
    0x0800479c   0x0800479c   0x00000010   Code   RO         2482    i.vTaskSuspendAll   tasks.o
    0x080047ac   0x080047ac   0x00000060   Code   RO         2483    i.vTaskSwitchContext  tasks.o
    0x0800480c   0x0800480c   0x00000034   Code   RO         2934    i.xPortStartScheduler  port.o
    0x08004840   0x08004840   0x00000034   Code   RO         2935    i.xPortSysTickHandler  port.o
    0x08004874   0x08004874   0x00000034   Code   RO         2305    i.xQueueGenericCreate  queue.o
    0x080048a8   0x080048a8   0x00000080   Code   RO         2306    i.xQueueGenericReset  queue.o
    0x08004928   0x08004928   0x00000118   Code   RO         2307    i.xQueueGenericSend  queue.o
    0x08004a40   0x08004a40   0x0000008a   Code   RO         2308    i.xQueueGenericSendFromISR  queue.o
    0x08004aca   0x08004aca   0x00000002   PAD
    0x08004acc   0x08004acc   0x00000104   Code   RO         2314    i.xQueueReceive     queue.o
    0x08004bd0   0x08004bd0   0x00000060   Code   RO         2485    i.xTaskCheckForTimeOut  tasks.o
    0x08004c30   0x08004c30   0x00000060   Code   RO         2486    i.xTaskCreate       tasks.o
    0x08004c90   0x08004c90   0x000000fc   Code   RO         2488    i.xTaskGenericNotify  tasks.o
    0x08004d8c   0x08004d8c   0x00000020   Code   RO         2492    i.xTaskGetSchedulerState  tasks.o
    0x08004dac   0x08004dac   0x0000000c   Code   RO         2493    i.xTaskGetTickCount  tasks.o
    0x08004db8   0x08004db8   0x0000011c   Code   RO         2495    i.xTaskIncrementTick  tasks.o
    0x08004ed4   0x08004ed4   0x00000080   Code   RO         2496    i.xTaskRemoveFromEventList  tasks.o
    0x08004f54   0x08004f54   0x000000e8   Code   RO         2497    i.xTaskResumeAll    tasks.o
    0x0800503c   0x0800503c   0x00000036   Code   RO         2775    i.xTimerCreate      timers.o
    0x08005072   0x08005072   0x00000002   PAD
    0x08005074   0x08005074   0x0000003c   Code   RO         2776    i.xTimerCreateTimerTask  timers.o
    0x080050b0   0x080050b0   0x0000006c   Code   RO         2777    i.xTimerGenericCommand  timers.o
    0x0800511c   0x0800511c   0x00000028   Data   RO          459    .constdata          fnd.o
    0x08005144   0x08005144   0x00000018   Data   RO         2214    .constdata          system_stm32f1xx.o
    0x0800515c   0x0800515c   0x00000020   Data   RO         3081    Region$$Table       anon$$obj.o


    Execution Region RW_IRAM1 (Exec base: 0x20000000, Load base: 0x0800517c, Size: 0x000039f0, Max: 0x00005000, ABSOLUTE)

    Exec Addr    Load Addr    Size         Type   Attr      Idx    E Section Name        Object

    0x20000000   0x0800517c   0x00000004   Data   RW           22    .data               main.o
    0x20000004   0x08005180   0x00000018   Data   RW          492    .data               rtos_testing.o
    0x2000001c   0x08005198   0x00000009   Data   RW         1313    .data               stm32f1xx_hal.o
    0x20000025   0x080051a1   0x00000003   PAD
    0x20000028   0x080051a4   0x00000004   Data   RW         2215    .data               system_stm32f1xx.o
    0x2000002c   0x080051a8   0x00000040   Data   RW         2500    .data               tasks.o
    0x2000006c   0x080051e8   0x00000014   Data   RW         2783    .data               timers.o
    0x20000080   0x080051fc   0x00000008   Data   RW         2899    .data               heap_1.o
    0x20000088   0x08005204   0x00000004   Data   RW         2936    .data               port.o
    0x2000008c        -       0x00000070   Zero   RW           21    .bss                main.o
    0x200000fc        -       0x000000c8   Zero   RW         2499    .bss                tasks.o
    0x200001c4        -       0x00000028   Zero   RW         2782    .bss                timers.o
    0x200001ec        -       0x00003000   Zero   RW         2898    .bss                heap_1.o
    0x200031ec   0x08005208   0x00000004   PAD
    0x200031f0        -       0x00000800   Zero   RW            1    STACK               startup_stm32f103xb.o


==============================================================================

Image component sizes


      Code (inc. data)   RO Data    RW Data    ZI Data      Debug   Object Name

        16          6          0          0          0        424   cds.o
        92         12         40          0          0        577   fnd.o
       114         14          0          8      12288       1899   heap_1.o
        64          4          0          0          0        577   key.o
       456         38          0          0          0       1982   led.o
       148          0          0          0          0       4502   list.o
       972        134          0          4        112     422717   main.o
       404         48          0          4          0       8840   port.o
      1300         14          0          0          0      24235   queue.o
       652        142          0         24          0      22637   rtos_testing.o
        36          8        236          0       2048        776   startup_stm32f103xb.o
       168         28          0          9          0       5227   stm32f1xx_hal.o
      2050        288          0          0          0       5448   stm32f1xx_hal_adc.o
       560        204          0          0          0      26167   stm32f1xx_hal_cortex.o
      1364        300          0          0          0       4727   stm32f1xx_hal_gpio.o
       332         38          0          0          0       2119   stm32f1xx_hal_msp.o
      2608        216          0          0          0       6084   stm32f1xx_hal_rcc.o
       504         72          0          0          0       1412   stm32f1xx_hal_rcc_ex.o
       944        142          0          0          0       1740   stm32f1xx_hal_uart.o
        40          0          0          0          0       3239   stm32f1xx_it.o
        88         18         24          4          0       1071   system_stm32f1xx.o
      2608        392          0         64        200      31393   tasks.o
      1150        108          0         20         40      12330   timers.o
        84          6          0          0          0       1598   uart.o

    ----------------------------------------------------------------------
     16776       2232        332        140      14692     591721   Object Totals
         0          0         32          0          0          0   (incl. Generated)
        22          0          0          3          4          0   (incl. Padding)

    ----------------------------------------------------------------------

      Code (inc. data)   RO Data    RW Data    ZI Data      Debug   Library Member Name

         0          0          0          0          0          0   entry.o
         0          0          0          0          0          0   entry10a.o
         0          0          0          0          0          0   entry11a.o
         8          4          0          0          0          0   entry2.o
         4          0          0          0          0          0   entry5.o
         0          0          0          0          0          0   entry7b.o
         0          0          0          0          0          0   entry8b.o
         8          4          0          0          0          0   entry9a.o
        30          0          0          0          0          0   handlers.o
        36          8          0          0          0         68   init.o
         0          0          0          0          0          0   iusefp.o
        30          0          0          0          0         68   llshl.o
        36          0          0          0          0         68   llsshr.o
        32          0          0          0          0         68   llushr.o
        36          0          0          0          0         68   memcpya.o
        36          0          0          0          0        108   memseta.o
      2272         86          0          0          0        516   printfa.o
        14          0          0          0          0         68   strlen.o
        44          0          0          0          0         80   uidiv.o
        98          0          0          0          0         92   uldiv.o
        48          0          0          0          0         68   cdrcmple.o
       334          0          0          0          0        148   dadd.o
       222          0          0          0          0        100   ddiv.o
       186          0          0          0          0        176   depilogue.o
        48          0          0          0          0         68   dfixul.o
       228          0          0          0          0         96   dmul.o

    ----------------------------------------------------------------------
      3752        102          0          0          0       1860   Library Totals
         2          0          0          0          0          0   (incl. Padding)

    ----------------------------------------------------------------------

      Code (inc. data)   RO Data    RW Data    ZI Data      Debug   Library Name

      2684        102          0          0          0       1204   mc_w.l
      1066          0          0          0          0        656   mf_w.l

    ----------------------------------------------------------------------
      3752        102          0          0          0       1860   Library Totals

    ----------------------------------------------------------------------

==============================================================================


      Code (inc. data)   RO Data    RW Data    ZI Data      Debug   

     20528       2334        332        140      14692     586037   Grand Totals
     20528       2334        332        140      14692     586037   ELF Image Totals
     20528       2334        332        140          0          0   ROM Totals

==============================================================================

    Total RO  Size (Code + RO Data)                20860 (  20.37kB)
    Total RW  Size (RW Data + ZI Data)             14832 (  14.48kB)
    Total ROM Size (Code + RO Data + RW Data)      21000 (  20.51kB)

==============================================================================

